Archive member included to satisfy reference by file (symbol)

E:/Software/Scoop/apps/gcc-arm-none-eabi/current/bin/../lib/gcc/arm-none-eabi/13.2.1/thumb/v7e-m+fp/hard\libc_nano.a(libc_a-exit.o)
                              E:/Software/Scoop/apps/gcc-arm-none-eabi/current/bin/../lib/gcc/arm-none-eabi/13.2.1/thumb/v7e-m+fp/hard/crt0.o (exit)
E:/Software/Scoop/apps/gcc-arm-none-eabi/current/bin/../lib/gcc/arm-none-eabi/13.2.1/thumb/v7e-m+fp/hard\libc_nano.a(libc_a-findfp.o)
                              E:/Software/Scoop/apps/gcc-arm-none-eabi/current/bin/../lib/gcc/arm-none-eabi/13.2.1/thumb/v7e-m+fp/hard\libc_nano.a(libc_a-exit.o) (__stdio_exit_handler)
E:/Software/Scoop/apps/gcc-arm-none-eabi/current/bin/../lib/gcc/arm-none-eabi/13.2.1/thumb/v7e-m+fp/hard\libc_nano.a(libc_a-fwalk.o)
                              E:/Software/Scoop/apps/gcc-arm-none-eabi/current/bin/../lib/gcc/arm-none-eabi/13.2.1/thumb/v7e-m+fp/hard\libc_nano.a(libc_a-findfp.o) (_fwalk_sglue)
E:/Software/Scoop/apps/gcc-arm-none-eabi/current/bin/../lib/gcc/arm-none-eabi/13.2.1/thumb/v7e-m+fp/hard\libc_nano.a(libc_a-printf.o)
                              CMakeFiles/STM32_Handheld.dir/Core/Src/bsp_USART.c.obj (printf)
E:/Software/Scoop/apps/gcc-arm-none-eabi/current/bin/../lib/gcc/arm-none-eabi/13.2.1/thumb/v7e-m+fp/hard\libc_nano.a(libc_a-sprintf.o)
                              CMakeFiles/STM32_Handheld.dir/Bsp/bluetooth.cpp.obj (sprintf)
E:/Software/Scoop/apps/gcc-arm-none-eabi/current/bin/../lib/gcc/arm-none-eabi/13.2.1/thumb/v7e-m+fp/hard\libc_nano.a(libc_a-stdio.o)
                              E:/Software/Scoop/apps/gcc-arm-none-eabi/current/bin/../lib/gcc/arm-none-eabi/13.2.1/thumb/v7e-m+fp/hard\libc_nano.a(libc_a-findfp.o) (__sread)
E:/Software/Scoop/apps/gcc-arm-none-eabi/current/bin/../lib/gcc/arm-none-eabi/13.2.1/thumb/v7e-m+fp/hard\libc_nano.a(libc_a-vsnprintf.o)
                              CMakeFiles/STM32_Handheld.dir/Core/Src/bsp_USART.c.obj (vsnprintf)
E:/Software/Scoop/apps/gcc-arm-none-eabi/current/bin/../lib/gcc/arm-none-eabi/13.2.1/thumb/v7e-m+fp/hard\libc_nano.a(libc_a-memset.o)
                              E:/Software/Scoop/apps/gcc-arm-none-eabi/current/bin/../lib/gcc/arm-none-eabi/13.2.1/thumb/v7e-m+fp/hard/crt0.o (memset)
E:/Software/Scoop/apps/gcc-arm-none-eabi/current/bin/../lib/gcc/arm-none-eabi/13.2.1/thumb/v7e-m+fp/hard\libc_nano.a(libc_a-closer.o)
                              E:/Software/Scoop/apps/gcc-arm-none-eabi/current/bin/../lib/gcc/arm-none-eabi/13.2.1/thumb/v7e-m+fp/hard\libc_nano.a(libc_a-stdio.o) (_close_r)
E:/Software/Scoop/apps/gcc-arm-none-eabi/current/bin/../lib/gcc/arm-none-eabi/13.2.1/thumb/v7e-m+fp/hard\libc_nano.a(libc_a-reent.o)
                              E:/Software/Scoop/apps/gcc-arm-none-eabi/current/bin/../lib/gcc/arm-none-eabi/13.2.1/thumb/v7e-m+fp/hard\libc_nano.a(libc_a-closer.o) (errno)
E:/Software/Scoop/apps/gcc-arm-none-eabi/current/bin/../lib/gcc/arm-none-eabi/13.2.1/thumb/v7e-m+fp/hard\libc_nano.a(libc_a-impure.o)
                              E:/Software/Scoop/apps/gcc-arm-none-eabi/current/bin/../lib/gcc/arm-none-eabi/13.2.1/thumb/v7e-m+fp/hard\libc_nano.a(libc_a-printf.o) (_impure_ptr)
E:/Software/Scoop/apps/gcc-arm-none-eabi/current/bin/../lib/gcc/arm-none-eabi/13.2.1/thumb/v7e-m+fp/hard\libc_nano.a(libc_a-lseekr.o)
                              E:/Software/Scoop/apps/gcc-arm-none-eabi/current/bin/../lib/gcc/arm-none-eabi/13.2.1/thumb/v7e-m+fp/hard\libc_nano.a(libc_a-stdio.o) (_lseek_r)
E:/Software/Scoop/apps/gcc-arm-none-eabi/current/bin/../lib/gcc/arm-none-eabi/13.2.1/thumb/v7e-m+fp/hard\libc_nano.a(libc_a-readr.o)
                              E:/Software/Scoop/apps/gcc-arm-none-eabi/current/bin/../lib/gcc/arm-none-eabi/13.2.1/thumb/v7e-m+fp/hard\libc_nano.a(libc_a-stdio.o) (_read_r)
E:/Software/Scoop/apps/gcc-arm-none-eabi/current/bin/../lib/gcc/arm-none-eabi/13.2.1/thumb/v7e-m+fp/hard\libc_nano.a(libc_a-writer.o)
                              E:/Software/Scoop/apps/gcc-arm-none-eabi/current/bin/../lib/gcc/arm-none-eabi/13.2.1/thumb/v7e-m+fp/hard\libc_nano.a(libc_a-stdio.o) (_write_r)
E:/Software/Scoop/apps/gcc-arm-none-eabi/current/bin/../lib/gcc/arm-none-eabi/13.2.1/thumb/v7e-m+fp/hard\libc_nano.a(libc_a-errno.o)
                              CMakeFiles/STM32_Handheld.dir/Core/Src/sysmem.c.obj (__errno)
E:/Software/Scoop/apps/gcc-arm-none-eabi/current/bin/../lib/gcc/arm-none-eabi/13.2.1/thumb/v7e-m+fp/hard\libc_nano.a(libc_a-init.o)
                              E:/Software/Scoop/apps/gcc-arm-none-eabi/current/bin/../lib/gcc/arm-none-eabi/13.2.1/thumb/v7e-m+fp/hard/crt0.o (__libc_init_array)
E:/Software/Scoop/apps/gcc-arm-none-eabi/current/bin/../lib/gcc/arm-none-eabi/13.2.1/thumb/v7e-m+fp/hard\libc_nano.a(libc_a-lock.o)
                              E:/Software/Scoop/apps/gcc-arm-none-eabi/current/bin/../lib/gcc/arm-none-eabi/13.2.1/thumb/v7e-m+fp/hard\libc_nano.a(libc_a-findfp.o) (__retarget_lock_init_recursive)
[...]
Memory Configuration

Name             Origin             Length             Attributes
RAM              0x20000000         0x00020000         xrw
CCMRAM           0x10000000         0x00010000         xrw
FLASH            0x08000000         0x00080000         xr
*default*        0x00000000         0xffffffff

Linker script and memory map

LOAD E:/Software/Scoop/apps/gcc-arm-none-eabi/current/bin/../lib/gcc/arm-none-eabi/13.2.1/thumb/v7e-m+fp/hard/crti.o
LOAD E:/Software/Scoop/apps/gcc-arm-none-eabi/current/bin/../lib/gcc/arm-none-eabi/13.2.1/thumb/v7e-m+fp/hard/crtbegin.o
LOAD E:/Software/Scoop/apps/gcc-arm-none-eabi/current/bin/../lib/gcc/arm-none-eabi/13.2.1/thumb/v7e-m+fp/hard/crt0.o
START GROUP
END GROUP
START GROUP
LOAD E:/Software/Scoop/apps/gcc-arm-none-eabi/current/bin/../lib/gcc/arm-none-eabi/13.2.1/thumb/v7e-m+fp/hard\libstdc++_nano.a
LOAD E:/Software/Scoop/apps/gcc-arm-none-eabi/current/bin/../lib/gcc/arm-none-eabi/13.2.1/thumb/v7e-m+fp/hard\libsupc++_nano.a
END GROUP
LOAD CMakeFiles/STM32_Handheld.dir/Core/Src/bsp_USART.c.obj
LOAD CMakeFiles/STM32_Handheld.dir/Bsp/bluetooth.cpp.obj
LOAD CMakeFiles/STM32_Handheld.dir/Bsp/fonts.c.obj
LOAD CMakeFiles/STM32_Handheld.dir/Bsp/rfid.cpp.obj
LOAD CMakeFiles/STM32_Handheld.dir/Bsp/ssd1306.cpp.obj
LOAD CMakeFiles/STM32_Handheld.dir/UserApp/main.cpp.obj
LOAD CMakeFiles/STM32_Handheld.dir/Core/Src/main.c.obj
LOAD CMakeFiles/STM32_Handheld.dir/Core/Src/gpio.c.obj
LOAD CMakeFiles/STM32_Handheld.dir/Core/Src/i2c.c.obj
LOAD CMakeFiles/STM32_Handheld.dir/Core/Src/stm32f4xx_it.c.obj
LOAD CMakeFiles/STM32_Handheld.dir/Core/Src/stm32f4xx_hal_msp.c.obj
LOAD CMakeFiles/STM32_Handheld.dir/Drivers/STM32F4xx_HAL_Driver/Src/stm32f4xx_hal_i2c.c.obj
LOAD CMakeFiles/STM32_Handheld.dir/Drivers/STM32F4xx_HAL_Driver/Src/stm32f4xx_hal_i2c_ex.c.obj
LOAD CMakeFiles/STM32_Handheld.dir/Drivers/STM32F4xx_HAL_Driver/Src/stm32f4xx_hal_rcc.c.obj
LOAD CMakeFiles/STM32_Handheld.dir/Drivers/STM32F4xx_HAL_Driver/Src/stm32f4xx_hal_rcc_ex.c.obj
LOAD CMakeFiles/STM32_Handheld.dir/Drivers/STM32F4xx_HAL_Driver/Src/stm32f4xx_hal_flash.c.obj
LOAD CMakeFiles/STM32_Handheld.dir/Drivers/STM32F4xx_HAL_Driver/Src/stm32f4xx_hal_flash_ex.c.obj
LOAD CMakeFiles/STM32_Handheld.dir/Drivers/STM32F4xx_HAL_Driver/Src/stm32f4xx_hal_flash_ramfunc.c.obj
LOAD CMakeFiles/STM32_Handheld.dir/Drivers/STM32F4xx_HAL_Driver/Src/stm32f4xx_hal_gpio.c.obj
LOAD CMakeFiles/STM32_Handheld.dir/Drivers/STM32F4xx_HAL_Driver/Src/stm32f4xx_hal_dma_ex.c.obj
LOAD CMakeFiles/STM32_Handheld.dir/Drivers/STM32F4xx_HAL_Driver/Src/stm32f4xx_hal_dma.c.obj
LOAD CMakeFiles/STM32_Handheld.dir/Drivers/STM32F4xx_HAL_Driver/Src/stm32f4xx_hal_pwr.c.obj
LOAD CMakeFiles/STM32_Handheld.dir/Drivers/STM32F4xx_HAL_Driver/Src/stm32f4xx_hal_pwr_ex.c.obj
LOAD CMakeFiles/STM32_Handheld.dir/Drivers/STM32F4xx_HAL_Driver/Src/stm32f4xx_hal_cortex.c.obj
LOAD CMakeFiles/STM32_Handheld.dir/Drivers/STM32F4xx_HAL_Driver/Src/stm32f4xx_hal.c.obj
LOAD CMakeFiles/STM32_Handheld.dir/Drivers/STM32F4xx_HAL_Driver/Src/stm32f4xx_hal_exti.c.obj
LOAD CMakeFiles/STM32_Handheld.dir/Drivers/STM32F4xx_HAL_Driver/Src/stm32f4xx_hal_tim.c.obj
LOAD CMakeFiles/STM32_Handheld.dir/Drivers/STM32F4xx_HAL_Driver/Src/stm32f4xx_hal_tim_ex.c.obj
LOAD CMakeFiles/STM32_Handheld.dir/Core/Src/system_stm32f4xx.c.obj
LOAD CMakeFiles/STM32_Handheld.dir/Core/Src/sysmem.c.obj
LOAD CMakeFiles/STM32_Handheld.dir/Core/Src/syscalls.c.obj
LOAD CMakeFiles/STM32_Handheld.dir/startup_stm32f407xx.s.obj
LOAD E:/Software/Scoop/apps/gcc-arm-none-eabi/current/bin/../lib/gcc/arm-none-eabi/13.2.1/thumb/v7e-m+fp/hard\libstdc++_nano.a
LOAD E:/Software/Scoop/apps/gcc-arm-none-eabi/current/bin/../lib/gcc/arm-none-eabi/13.2.1/thumb/v7e-m+fp/hard\libm.a
LOAD E:/Software/Scoop/apps/gcc-arm-none-eabi/current/bin/../lib/gcc/arm-none-eabi/13.2.1/thumb/v7e-m+fp/hard\libc_nano.a
START GROUP
LOAD E:/Software/Scoop/apps/gcc-arm-none-eabi/current/bin/../lib/gcc/arm-none-eabi/13.2.1/thumb/v7e-m+fp/hard\libgcc.a
LOAD E:/Software/Scoop/apps/gcc-arm-none-eabi/current/bin/../lib/gcc/arm-none-eabi/13.2.1/thumb/v7e-m+fp/hard\libg_nano.a
LOAD E:/Software/Scoop/apps/gcc-arm-none-eabi/current/bin/../lib/gcc/arm-none-eabi/13.2.1/thumb/v7e-m+fp/hard\libc_nano.a
END GROUP
START GROUP
LOAD E:/Software/Scoop/apps/gcc-arm-none-eabi/current/bin/../lib/gcc/arm-none-eabi/13.2.1/thumb/v7e-m+fp/hard\libgcc.a
LOAD E:/Software/Scoop/apps/gcc-arm-none-eabi/current/bin/../lib/gcc/arm-none-eabi/13.2.1/thumb/v7e-m+fp/hard\libc_nano.a
END GROUP
LOAD E:/Software/Scoop/apps/gcc-arm-none-eabi/current/bin/../lib/gcc/arm-none-eabi/13.2.1/thumb/v7e-m+fp/hard/crtend.o
LOAD E:/Software/Scoop/apps/gcc-arm-none-eabi/current/bin/../lib/gcc/arm-none-eabi/13.2.1/thumb/v7e-m+fp/hard/crtn.o
                0x20020000                        _estack = (ORIGIN (RAM) + LENGTH (RAM))
                0x00001000                        _Min_Heap_Size = 0x1000
                0x00001000                        _Min_Stack_Size = 0x1000

.isr_vector     0x08000000      0x188
                0x08000000                        . = ALIGN (0x4)
 *(.isr_vector)
 .isr_vector    0x08000000      0x188 CMakeFiles/STM32_Handheld.dir/startup_stm32f407xx.s.obj
                0x08000000                g_pfnVectors
                0x08000188                        . = ALIGN (0x4)

.text           0x08000190     0x4e00
                0x08000190                        . = ALIGN (0x4)
 *(.text)
 .text          0x08000190       0xa0 E:/Software/Scoop/apps/gcc-arm-none-eabi/current/bin/../lib/gcc/arm-none-eabi/13.2.1/thumb/v7e-m+fp/hard\libc_nano.a(libc_a-memchr.o)
                0x08000190                memchr
 .text          0x08000230       0x30 E:/Software/Scoop/apps/gcc-arm-none-eabi/current/bin/../lib/gcc/arm-none-eabi/13.2.1/thumb/v7e-m+fp/hard\libgcc.a(_aeabi_uldivmod.o)
                0x08000230                __aeabi_uldivmod
 .text          0x08000260        0x4 E:/Software/Scoop/apps/gcc-arm-none-eabi/current/bin/../lib/gcc/arm-none-eabi/13.2.1/thumb/v7e-m+fp/hard\libgcc.a(_dvmd_tls.o)
                0x08000260                __aeabi_idiv0
                0x08000260                __aeabi_ldiv0
 *(.text*)
 .text.deregister_tm_clones
                0x08000264       0x1c E:/Software/Scoop/apps/gcc-arm-none-eabi/current/bin/../lib/gcc/arm-none-eabi/13.2.1/thumb/v7e-m+fp/hard/crtbegin.o
 .text.register_tm_clones
                0x08000280       0x24 E:/Software/Scoop/apps/gcc-arm-none-eabi/current/bin/../lib/gcc/arm-none-eabi/13.2.1/thumb/v7e-m+fp/hard/crtbegin.o
 .text.__do_global_dtors_aux
                0x080002a4       0x28 E:/Software/Scoop/apps/gcc-arm-none-eabi/current/bin/../lib/gcc/arm-none-eabi/13.2.1/thumb/v7e-m+fp/hard/crtbegin.o
 .text.frame_dummy
                0x080002cc       0x24 E:/Software/Scoop/apps/gcc-arm-none-eabi/current/bin/../lib/gcc/arm-none-eabi/13.2.1/thumb/v7e-m+fp/hard/crtbegin.o
 .text.USART1_Init
                0x080002f0      0x1a8 CMakeFiles/STM32_Handheld.dir/Core/Src/bsp_USART.c.obj
                0x080002f0                USART1_Init
 .text.USART1_IRQHandler
                0x08000498      0x118 CMakeFiles/STM32_Handheld.dir/Core/Src/bsp_USART.c.obj
                0x08000498                USART1_IRQHandler
 .text.USART1_SendData
                0x080005b0       0x84 CMakeFiles/STM32_Handheld.dir/Core/Src/bsp_USART.c.obj
                0x080005b0                USART1_SendData
 .text.USART1_SendString
                0x08000634       0x58 CMakeFiles/STM32_Handheld.dir/Core/Src/bsp_USART.c.obj
                0x08000634                USART1_SendString
 .text.USART2_Init
                0x0800068c      0x17c CMakeFiles/STM32_Handheld.dir/Core/Src/bsp_USART.c.obj
                0x0800068c                USART2_Init
 .text.USART2_IRQHandler
                0x08000808      0x104 CMakeFiles/STM32_Handheld.dir/Core/Src/bsp_USART.c.obj
                0x08000808                USART2_IRQHandler
 .text.USART2_SendData
                0x0800090c       0x84 CMakeFiles/STM32_Handheld.dir/Core/Src/bsp_USART.c.obj
                0x0800090c                USART2_SendData
 .text.USART2_GetReceivedData
                0x08000990       0x14 CMakeFiles/STM32_Handheld.dir/Core/Src/bsp_USART.c.obj
                0x08000990                USART2_GetReceivedData
 .text.USART2_ClearReceived
                0x080009a4       0x18 CMakeFiles/STM32_Handheld.dir/Core/Src/bsp_USART.c.obj
                0x080009a4                USART2_ClearReceived
 .text.USART3_Init
                0x080009bc      0x17c CMakeFiles/STM32_Handheld.dir/Core/Src/bsp_USART.c.obj
                0x080009bc                USART3_Init
 .text.USART3_IRQHandler
                0x08000b38      0x104 CMakeFiles/STM32_Handheld.dir/Core/Src/bsp_USART.c.obj
                0x08000b38                USART3_IRQHandler
 .text.USART3_SendData
                0x08000c3c       0x84 CMakeFiles/STM32_Handheld.dir/Core/Src/bsp_USART.c.obj
                0x08000c3c                USART3_SendData
 .text.USART3_SendString
                0x08000cc0       0x58 CMakeFiles/STM32_Handheld.dir/Core/Src/bsp_USART.c.obj
                0x08000cc0                USART3_SendString
 .text.UART4_IRQHandler
                0x08000d18      0x104 CMakeFiles/STM32_Handheld.dir/Core/Src/bsp_USART.c.obj
                0x08000d18                UART4_IRQHandler
 .text.UART5_IRQHandler
                0x08000e1c      0x104 CMakeFiles/STM32_Handheld.dir/Core/Src/bsp_USART.c.obj
                0x08000e1c                UART5_IRQHandler
 .text.USART6_Init
                0x08000f20      0x17c CMakeFiles/STM32_Handheld.dir/Core/Src/bsp_USART.c.obj
                0x08000f20                USART6_Init
 .text.USART6_IRQHandler
                0x0800109c      0x104 CMakeFiles/STM32_Handheld.dir/Core/Src/bsp_USART.c.obj
                0x0800109c                USART6_IRQHandler
 .text._ZN3BLE4sendEPKcS1_RKi
                0x080011a0       0x48 CMakeFiles/STM32_Handheld.dir/Bsp/bluetooth.cpp.obj
                0x080011a0                BLE::send(char const*, char const*, int const&)
 .text._Z4signPKcRKi
                0x080011e8       0x4a CMakeFiles/STM32_Handheld.dir/Bsp/rfid.cpp.obj
                0x080011e8                sign(char const*, int const&)
 *fill*         0x08001232        0x2 
 .text._ZN4Rfid4readEv
                0x08001234       0xd4 CMakeFiles/STM32_Handheld.dir/Bsp/rfid.cpp.obj
                0x08001234                Rfid::read()
 .text._ZL20ssd1306_WriteCommandP17I2C_HandleTypeDefh
                0x08001308       0x2e CMakeFiles/STM32_Handheld.dir/Bsp/ssd1306.cpp.obj
 *fill*         0x08001336        0x2 
 .text._Z12ssd1306_InitP17I2C_HandleTypeDef
                0x08001338      0x240 CMakeFiles/STM32_Handheld.dir/Bsp/ssd1306.cpp.obj
                0x08001338                ssd1306_Init(I2C_HandleTypeDef*)
 .text._Z12ssd1306_Fill13SSD1306_COLOR
                0x08001578       0x48 CMakeFiles/STM32_Handheld.dir/Bsp/ssd1306.cpp.obj
                0x08001578                ssd1306_Fill(SSD1306_COLOR)
 .text._Z20ssd1306_UpdateScreenP17I2C_HandleTypeDef
                0x080015c0       0x64 CMakeFiles/STM32_Handheld.dir/Bsp/ssd1306.cpp.obj
                0x080015c0                ssd1306_UpdateScreen(I2C_HandleTypeDef*)
 .text._Z17ssd1306_DrawPixelhh13SSD1306_COLOR
                0x08001624       0xc0 CMakeFiles/STM32_Handheld.dir/Bsp/ssd1306.cpp.obj
                0x08001624                ssd1306_DrawPixel(unsigned char, unsigned char, SSD1306_COLOR)
 .text._Z17ssd1306_WriteCharc7FontDef13SSD1306_COLOR
                0x080016e4      0x100 CMakeFiles/STM32_Handheld.dir/Bsp/ssd1306.cpp.obj
                0x080016e4                ssd1306_WriteChar(char, FontDef, SSD1306_COLOR)
 .text._Z19ssd1306_WriteStringPKc7FontDef13SSD1306_COLOR
                0x080017e4       0x56 CMakeFiles/STM32_Handheld.dir/Bsp/ssd1306.cpp.obj
                0x080017e4                ssd1306_WriteString(char const*, FontDef, SSD1306_COLOR)
 *fill*         0x0800183a        0x2 
 .text._Z17ssd1306_SetCursorhh
                0x0800183c       0x30 CMakeFiles/STM32_Handheld.dir/Bsp/ssd1306.cpp.obj
                0x0800183c                ssd1306_SetCursor(unsigned char, unsigned char)
 .text._ZN3BLEC2Ev
                0x0800186c       0x16 CMakeFiles/STM32_Handheld.dir/UserApp/main.cpp.obj
                0x0800186c                BLE::BLE()
                0x0800186c                BLE::BLE()
 .text._ZN4RfidC2Ev
                0x08001882       0x3a CMakeFiles/STM32_Handheld.dir/UserApp/main.cpp.obj
                0x08001882                Rfid::Rfid()
                0x08001882                Rfid::Rfid()
 .text._ZN4Rfid8get_nameEv
                0x080018bc       0x18 CMakeFiles/STM32_Handheld.dir/UserApp/main.cpp.obj
                0x080018bc                Rfid::get_name()
 .text._ZN4Rfid8get_codeEv
                0x080018d4       0x18 CMakeFiles/STM32_Handheld.dir/UserApp/main.cpp.obj
                0x080018d4                Rfid::get_code()
 .text.stm32_main
                0x080018ec       0xe0 CMakeFiles/STM32_Handheld.dir/UserApp/main.cpp.obj
                0x080018ec                stm32_main
 .text.HAL_GPIO_EXTI_Callback
                0x080019cc       0x24 CMakeFiles/STM32_Handheld.dir/UserApp/main.cpp.obj
                0x080019cc                HAL_GPIO_EXTI_Callback
 .text._Z41__static_initialization_and_destruction_0v
                0x080019f0       0x1c CMakeFiles/STM32_Handheld.dir/UserApp/main.cpp.obj
 .text._GLOBAL__sub_I_rfid
                0x08001a0c        0xa CMakeFiles/STM32_Handheld.dir/UserApp/main.cpp.obj
 .text.main     0x08001a16       0x3c CMakeFiles/STM32_Handheld.dir/Core/Src/main.c.obj
                0x08001a16                main
 *fill*         0x08001a52        0x2 
 .text.SystemClock_Config
                0x08001a54       0xd4 CMakeFiles/STM32_Handheld.dir/Core/Src/main.c.obj
                0x08001a54                SystemClock_Config
 .text.Error_Handler
                0x08001b28        0xc CMakeFiles/STM32_Handheld.dir/Core/Src/main.c.obj
                0x08001b28                Error_Handler
 .text.MX_GPIO_Init
                0x08001b34       0xe4 CMakeFiles/STM32_Handheld.dir/Core/Src/gpio.c.obj
                0x08001b34                MX_GPIO_Init
 .text.MX_I2C1_Init
                0x08001c18       0x5c CMakeFiles/STM32_Handheld.dir/Core/Src/i2c.c.obj
                0x08001c18                MX_I2C1_Init
 .text.HAL_I2C_MspInit
                0x08001c74       0x90 CMakeFiles/STM32_Handheld.dir/Core/Src/i2c.c.obj
                0x08001c74                HAL_I2C_MspInit
 .text.NMI_Handler
                0x08001d04        0x8 CMakeFiles/STM32_Handheld.dir/Core/Src/stm32f4xx_it.c.obj
                0x08001d04                NMI_Handler
 .text.HardFault_Handler
                0x08001d0c        0x8 CMakeFiles/STM32_Handheld.dir/Core/Src/stm32f4xx_it.c.obj
                0x08001d0c                HardFault_Handler
 .text.MemManage_Handler
                0x08001d14        0x8 CMakeFiles/STM32_Handheld.dir/Core/Src/stm32f4xx_it.c.obj
                0x08001d14                MemManage_Handler
 .text.BusFault_Handler
                0x08001d1c        0x8 CMakeFiles/STM32_Handheld.dir/Core/Src/stm32f4xx_it.c.obj
                0x08001d1c                BusFault_Handler
 .text.UsageFault_Handler
                0x08001d24        0x8 CMakeFiles/STM32_Handheld.dir/Core/Src/stm32f4xx_it.c.obj
                0x08001d24                UsageFault_Handler
 .text.SVC_Handler
                0x08001d2c        0xe CMakeFiles/STM32_Handheld.dir/Core/Src/stm32f4xx_it.c.obj
                0x08001d2c                SVC_Handler
 .text.DebugMon_Handler
                0x08001d3a        0xe CMakeFiles/STM32_Handheld.dir/Core/Src/stm32f4xx_it.c.obj
                0x08001d3a                DebugMon_Handler
 .text.PendSV_Handler
                0x08001d48        0xe CMakeFiles/STM32_Handheld.dir/Core/Src/stm32f4xx_it.c.obj
                0x08001d48                PendSV_Handler
 .text.SysTick_Handler
                0x08001d56        0xc CMakeFiles/STM32_Handheld.dir/Core/Src/stm32f4xx_it.c.obj
                0x08001d56                SysTick_Handler
 .text.EXTI1_IRQHandler
                0x08001d62        0xe CMakeFiles/STM32_Handheld.dir/Core/Src/stm32f4xx_it.c.obj
                0x08001d62                EXTI1_IRQHandler
 .text.EXTI4_IRQHandler
                0x08001d70        0xe CMakeFiles/STM32_Handheld.dir/Core/Src/stm32f4xx_it.c.obj
                0x08001d70                EXTI4_IRQHandler
 *fill*         0x08001d7e        0x2 
 .text.HAL_MspInit
                0x08001d80       0x50 CMakeFiles/STM32_Handheld.dir/Core/Src/stm32f4xx_hal_msp.c.obj
                0x08001d80                HAL_MspInit
 .text.HAL_I2C_Init
                0x08001dd0      0x288 CMakeFiles/STM32_Handheld.dir/Drivers/STM32F4xx_HAL_Driver/Src/stm32f4xx_hal_i2c.c.obj
                0x08001dd0                HAL_I2C_Init
 .text.HAL_I2C_Mem_Write
                0x08002058      0x1f4 CMakeFiles/STM32_Handheld.dir/Drivers/STM32F4xx_HAL_Driver/Src/stm32f4xx_hal_i2c.c.obj
                0x08002058                HAL_I2C_Mem_Write
 .text.I2C_RequestMemoryWrite
                0x0800224c      0x12c CMakeFiles/STM32_Handheld.dir/Drivers/STM32F4xx_HAL_Driver/Src/stm32f4xx_hal_i2c.c.obj
 .text.I2C_WaitOnFlagUntilTimeout
                0x08002378       0xf4 CMakeFiles/STM32_Handheld.dir/Drivers/STM32F4xx_HAL_Driver/Src/stm32f4xx_hal_i2c.c.obj
 .text.I2C_WaitOnMasterAddressFlagUntilTimeout
                0x0800246c      0x140 CMakeFiles/STM32_Handheld.dir/Drivers/STM32F4xx_HAL_Driver/Src/stm32f4xx_hal_i2c.c.obj
 .text.I2C_WaitOnTXEFlagUntilTimeout
                0x080025ac       0x90 CMakeFiles/STM32_Handheld.dir/Drivers/STM32F4xx_HAL_Driver/Src/stm32f4xx_hal_i2c.c.obj
 .text.I2C_WaitOnBTFFlagUntilTimeout
                0x0800263c       0x90 CMakeFiles/STM32_Handheld.dir/Drivers/STM32F4xx_HAL_Driver/Src/stm32f4xx_hal_i2c.c.obj
 .text.I2C_IsAcknowledgeFailed
                0x080026cc       0x5e CMakeFiles/STM32_Handheld.dir/Drivers/STM32F4xx_HAL_Driver/Src/stm32f4xx_hal_i2c.c.obj
 *fill*         0x0800272a        0x2 
 .text.HAL_RCC_OscConfig
                0x0800272c      0x4f0 CMakeFiles/STM32_Handheld.dir/Drivers/STM32F4xx_HAL_Driver/Src/stm32f4xx_hal_rcc.c.obj
                0x0800272c                HAL_RCC_OscConfig
 .text.HAL_RCC_ClockConfig
                0x08002c1c      0x1cc CMakeFiles/STM32_Handheld.dir/Drivers/STM32F4xx_HAL_Driver/Src/stm32f4xx_hal_rcc.c.obj
                0x08002c1c                HAL_RCC_ClockConfig
 .text.HAL_RCC_GetSysClockFreq
                0x08002de8      0x20c CMakeFiles/STM32_Handheld.dir/Drivers/STM32F4xx_HAL_Driver/Src/stm32f4xx_hal_rcc.c.obj
                0x08002de8                HAL_RCC_GetSysClockFreq
 .text.HAL_RCC_GetHCLKFreq
                0x08002ff4       0x18 CMakeFiles/STM32_Handheld.dir/Drivers/STM32F4xx_HAL_Driver/Src/stm32f4xx_hal_rcc.c.obj
                0x08002ff4                HAL_RCC_GetHCLKFreq
 .text.HAL_RCC_GetPCLK1Freq
                0x0800300c       0x28 CMakeFiles/STM32_Handheld.dir/Drivers/STM32F4xx_HAL_Driver/Src/stm32f4xx_hal_rcc.c.obj
                0x0800300c                HAL_RCC_GetPCLK1Freq
 .text.HAL_GPIO_Init
                0x08003034      0x338 CMakeFiles/STM32_Handheld.dir/Drivers/STM32F4xx_HAL_Driver/Src/stm32f4xx_hal_gpio.c.obj
                0x08003034                HAL_GPIO_Init
 .text.HAL_GPIO_ReadPin
                0x0800336c       0x30 CMakeFiles/STM32_Handheld.dir/Drivers/STM32F4xx_HAL_Driver/Src/stm32f4xx_hal_gpio.c.obj
                0x0800336c                HAL_GPIO_ReadPin
 .text.HAL_GPIO_WritePin
                0x0800339c       0x32 CMakeFiles/STM32_Handheld.dir/Drivers/STM32F4xx_HAL_Driver/Src/stm32f4xx_hal_gpio.c.obj
                0x0800339c                HAL_GPIO_WritePin
 .text.HAL_GPIO_TogglePin
                0x080033ce       0x34 CMakeFiles/STM32_Handheld.dir/Drivers/STM32F4xx_HAL_Driver/Src/stm32f4xx_hal_gpio.c.obj
                0x080033ce                HAL_GPIO_TogglePin
 *fill*         0x08003402        0x2 
 .text.HAL_GPIO_EXTI_IRQHandler
                0x08003404       0x30 CMakeFiles/STM32_Handheld.dir/Drivers/STM32F4xx_HAL_Driver/Src/stm32f4xx_hal_gpio.c.obj
                0x08003404                HAL_GPIO_EXTI_IRQHandler
 .text.__NVIC_SetPriorityGrouping
                0x08003434       0x48 CMakeFiles/STM32_Handheld.dir/Drivers/STM32F4xx_HAL_Driver/Src/stm32f4xx_hal_cortex.c.obj
 .text.__NVIC_GetPriorityGrouping
                0x0800347c       0x1c CMakeFiles/STM32_Handheld.dir/Drivers/STM32F4xx_HAL_Driver/Src/stm32f4xx_hal_cortex.c.obj
 .text.__NVIC_EnableIRQ
                0x08003498       0x3c CMakeFiles/STM32_Handheld.dir/Drivers/STM32F4xx_HAL_Driver/Src/stm32f4xx_hal_cortex.c.obj
 .text.__NVIC_SetPriority
                0x080034d4       0x54 CMakeFiles/STM32_Handheld.dir/Drivers/STM32F4xx_HAL_Driver/Src/stm32f4xx_hal_cortex.c.obj
 .text.NVIC_EncodePriority
                0x08003528       0x66 CMakeFiles/STM32_Handheld.dir/Drivers/STM32F4xx_HAL_Driver/Src/stm32f4xx_hal_cortex.c.obj
 *fill*         0x0800358e        0x2 
 .text.SysTick_Config
                0x08003590       0x44 CMakeFiles/STM32_Handheld.dir/Drivers/STM32F4xx_HAL_Driver/Src/stm32f4xx_hal_cortex.c.obj
 .text.HAL_NVIC_SetPriorityGrouping
                0x080035d4       0x16 CMakeFiles/STM32_Handheld.dir/Drivers/STM32F4xx_HAL_Driver/Src/stm32f4xx_hal_cortex.c.obj
                0x080035d4                HAL_NVIC_SetPriorityGrouping
 .text.HAL_NVIC_SetPriority
                0x080035ea       0x38 CMakeFiles/STM32_Handheld.dir/Drivers/STM32F4xx_HAL_Driver/Src/stm32f4xx_hal_cortex.c.obj
                0x080035ea                HAL_NVIC_SetPriority
 .text.HAL_NVIC_EnableIRQ
                0x08003622       0x1c CMakeFiles/STM32_Handheld.dir/Drivers/STM32F4xx_HAL_Driver/Src/stm32f4xx_hal_cortex.c.obj
                0x08003622                HAL_NVIC_EnableIRQ
 .text.HAL_SYSTICK_Config
                0x0800363e       0x18 CMakeFiles/STM32_Handheld.dir/Drivers/STM32F4xx_HAL_Driver/Src/stm32f4xx_hal_cortex.c.obj
                0x0800363e                HAL_SYSTICK_Config
 *fill*         0x08003656        0x2 
 .text.HAL_Init
                0x08003658       0x44 CMakeFiles/STM32_Handheld.dir/Drivers/STM32F4xx_HAL_Driver/Src/stm32f4xx_hal.c.obj
                0x08003658                HAL_Init
 .text.HAL_InitTick
                0x0800369c       0x60 CMakeFiles/STM32_Handheld.dir/Drivers/STM32F4xx_HAL_Driver/Src/stm32f4xx_hal.c.obj
                0x0800369c                HAL_InitTick
 .text.HAL_IncTick
                0x080036fc       0x28 CMakeFiles/STM32_Handheld.dir/Drivers/STM32F4xx_HAL_Driver/Src/stm32f4xx_hal.c.obj
                0x080036fc                HAL_IncTick
 .text.HAL_GetTick
                0x08003724       0x18 CMakeFiles/STM32_Handheld.dir/Drivers/STM32F4xx_HAL_Driver/Src/stm32f4xx_hal.c.obj
                0x08003724                HAL_GetTick
 .text.HAL_Delay
                0x0800373c       0x48 CMakeFiles/STM32_Handheld.dir/Drivers/STM32F4xx_HAL_Driver/Src/stm32f4xx_hal.c.obj
                0x0800373c                HAL_Delay
 .text.SystemInit
                0x08003784       0x24 CMakeFiles/STM32_Handheld.dir/Core/Src/system_stm32f4xx.c.obj
                0x08003784                SystemInit
 .text.SystemCoreClockUpdate
                0x080037a8      0x100 CMakeFiles/STM32_Handheld.dir/Core/Src/system_stm32f4xx.c.obj
                0x080037a8                SystemCoreClockUpdate
 .text._sbrk    0x080038a8       0x6c CMakeFiles/STM32_Handheld.dir/Core/Src/sysmem.c.obj
                0x080038a8                _sbrk
 .text._read    0x08003914       0x3a CMakeFiles/STM32_Handheld.dir/Core/Src/syscalls.c.obj
                0x08003914                _read
 .text._write   0x0800394e       0x38 CMakeFiles/STM32_Handheld.dir/Core/Src/syscalls.c.obj
                0x0800394e                _write
 .text._close   0x08003986       0x18 CMakeFiles/STM32_Handheld.dir/Core/Src/syscalls.c.obj
                0x08003986                _close
 .text._fstat   0x0800399e       0x20 CMakeFiles/STM32_Handheld.dir/Core/Src/syscalls.c.obj
                0x0800399e                _fstat
 .text._isatty  0x080039be       0x16 CMakeFiles/STM32_Handheld.dir/Core/Src/syscalls.c.obj
                0x080039be                _isatty
 .text._lseek   0x080039d4       0x1a CMakeFiles/STM32_Handheld.dir/Core/Src/syscalls.c.obj
                0x080039d4                _lseek
 *fill*         0x080039ee        0x2 
 .text.Reset_Handler
                0x080039f0       0x50 CMakeFiles/STM32_Handheld.dir/startup_stm32f407xx.s.obj
                0x080039f0                Reset_Handler
 .text.Default_Handler
                0x08003a40        0x2 CMakeFiles/STM32_Handheld.dir/startup_stm32f407xx.s.obj
                0x08003a40                RTC_Alarm_IRQHandler
                0x08003a40                HASH_RNG_IRQHandler
                0x08003a40                EXTI2_IRQHandler
                0x08003a40                TIM8_CC_IRQHandler
                0x08003a40                TIM1_CC_IRQHandler
                0x08003a40                DMA2_Stream5_IRQHandler
                0x08003a40                DMA1_Stream5_IRQHandler
                0x08003a40                PVD_IRQHandler
                0x08003a40                SDIO_IRQHandler
                0x08003a40                TAMP_STAMP_IRQHandler
                0x08003a40                CAN2_RX1_IRQHandler
                0x08003a40                EXTI3_IRQHandler
                0x08003a40                TIM8_TRG_COM_TIM14_IRQHandler
                0x08003a40                TIM1_UP_TIM10_IRQHandler
                0x08003a40                TIM8_UP_TIM13_IRQHandler
                0x08003a40                I2C3_ER_IRQHandler
                0x08003a40                EXTI0_IRQHandler
                0x08003a40                I2C2_EV_IRQHandler
                0x08003a40                DMA1_Stream2_IRQHandler
                0x08003a40                CAN1_RX0_IRQHandler
                0x08003a40                FPU_IRQHandler
                0x08003a40                OTG_HS_WKUP_IRQHandler
                0x08003a40                CAN2_SCE_IRQHandler
                0x08003a40                DMA2_Stream2_IRQHandler
                0x08003a40                SPI1_IRQHandler
                0x08003a40                TIM6_DAC_IRQHandler
                0x08003a40                TIM1_BRK_TIM9_IRQHandler
                0x08003a40                DCMI_IRQHandler
                0x08003a40                CAN2_RX0_IRQHandler
                0x08003a40                DMA2_Stream3_IRQHandler
                0x08003a40                CAN1_RX1_IRQHandler
                0x08003a40                DMA2_Stream0_IRQHandler
                0x08003a40                TIM4_IRQHandler
                0x08003a40                I2C1_EV_IRQHandler
                0x08003a40                DMA1_Stream6_IRQHandler
                0x08003a40                DMA1_Stream1_IRQHandler
                0x08003a40                TIM3_IRQHandler
                0x08003a40                RCC_IRQHandler
                0x08003a40                TIM8_BRK_TIM12_IRQHandler
                0x08003a40                Default_Handler
                0x08003a40                EXTI15_10_IRQHandler
                0x08003a40                ADC_IRQHandler
                0x08003a40                DMA1_Stream7_IRQHandler
                0x08003a40                TIM7_IRQHandler
                0x08003a40                CAN2_TX_IRQHandler
                0x08003a40                TIM5_IRQHandler
                0x08003a40                DMA2_Stream7_IRQHandler
                0x08003a40                I2C3_EV_IRQHandler
                0x08003a40                EXTI9_5_IRQHandler
                0x08003a40                RTC_WKUP_IRQHandler
                0x08003a40                ETH_WKUP_IRQHandler
                0x08003a40                SPI2_IRQHandler
                0x08003a40                OTG_HS_EP1_IN_IRQHandler
                0x08003a40                DMA1_Stream0_IRQHandler
                0x08003a40                CAN1_TX_IRQHandler
                0x08003a40                FSMC_IRQHandler
                0x08003a40                ETH_IRQHandler
                0x08003a40                OTG_HS_EP1_OUT_IRQHandler
                0x08003a40                WWDG_IRQHandler
                0x08003a40                TIM2_IRQHandler
                0x08003a40                OTG_FS_WKUP_IRQHandler
                0x08003a40                TIM1_TRG_COM_TIM11_IRQHandler
                0x08003a40                OTG_HS_IRQHandler
                0x08003a40                I2C2_ER_IRQHandler
                0x08003a40                DMA2_Stream1_IRQHandler
                0x08003a40                CAN1_SCE_IRQHandler
                0x08003a40                FLASH_IRQHandler
                0x08003a40                DMA2_Stream4_IRQHandler
                0x08003a40                OTG_FS_IRQHandler
                0x08003a40                SPI3_IRQHandler
                0x08003a40                DMA1_Stream4_IRQHandler
                0x08003a40                I2C1_ER_IRQHandler
                0x08003a40                DMA2_Stream6_IRQHandler
                0x08003a40                DMA1_Stream3_IRQHandler
 *fill*         0x08003a42        0x2 
 .text.std      0x08003a44       0x6c E:/Software/Scoop/apps/gcc-arm-none-eabi/current/bin/../lib/gcc/arm-none-eabi/13.2.1/thumb/v7e-m+fp/hard\libc_nano.a(libc_a-findfp.o)
 .text.stdio_exit_handler
                0x08003ab0       0x18 E:/Software/Scoop/apps/gcc-arm-none-eabi/current/bin/../lib/gcc/arm-none-eabi/13.2.1/thumb/v7e-m+fp/hard\libc_nano.a(libc_a-findfp.o)
 .text.cleanup_stdio
                0x08003ac8       0x40 E:/Software/Scoop/apps/gcc-arm-none-eabi/current/bin/../lib/gcc/arm-none-eabi/13.2.1/thumb/v7e-m+fp/hard\libc_nano.a(libc_a-findfp.o)
 .text.global_stdio_init.part.0
                0x08003b08       0x3c E:/Software/Scoop/apps/gcc-arm-none-eabi/current/bin/../lib/gcc/arm-none-eabi/13.2.1/thumb/v7e-m+fp/hard\libc_nano.a(libc_a-findfp.o)
 .text.__sfp_lock_acquire
                0x08003b44        0xc E:/Software/Scoop/apps/gcc-arm-none-eabi/current/bin/../lib/gcc/arm-none-eabi/13.2.1/thumb/v7e-m+fp/hard\libc_nano.a(libc_a-findfp.o)
                0x08003b44                __sfp_lock_acquire
 .text.__sfp_lock_release
                0x08003b50        0xc E:/Software/Scoop/apps/gcc-arm-none-eabi/current/bin/../lib/gcc/arm-none-eabi/13.2.1/thumb/v7e-m+fp/hard\libc_nano.a(libc_a-findfp.o)
                0x08003b50                __sfp_lock_release
 .text.__sinit  0x08003b5c       0x30 E:/Software/Scoop/apps/gcc-arm-none-eabi/current/bin/../lib/gcc/arm-none-eabi/13.2.1/thumb/v7e-m+fp/hard\libc_nano.a(libc_a-findfp.o)
                0x08003b5c                __sinit
 .text._fwalk_sglue
                0x08003b8c       0x3c E:/Software/Scoop/apps/gcc-arm-none-eabi/current/bin/../lib/gcc/arm-none-eabi/13.2.1/thumb/v7e-m+fp/hard\libc_nano.a(libc_a-fwalk.o)
                0x08003b8c                _fwalk_sglue
 .text.printf   0x08003bc8       0x24 E:/Software/Scoop/apps/gcc-arm-none-eabi/current/bin/../lib/gcc/arm-none-eabi/13.2.1/thumb/v7e-m+fp/hard\libc_nano.a(libc_a-printf.o)
                0x08003bc8                iprintf
                0x08003bc8                printf
 .text.sprintf  0x08003bec       0x40 E:/Software/Scoop/apps/gcc-arm-none-eabi/current/bin/../lib/gcc/arm-none-eabi/13.2.1/thumb/v7e-m+fp/hard\libc_nano.a(libc_a-sprintf.o)
                0x08003bec                siprintf
                0x08003bec                sprintf
 .text.__sread  0x08003c2c       0x22 E:/Software/Scoop/apps/gcc-arm-none-eabi/current/bin/../lib/gcc/arm-none-eabi/13.2.1/thumb/v7e-m+fp/hard\libc_nano.a(libc_a-stdio.o)
                0x08003c2c                __sread
 .text.__swrite
                0x08003c4e       0x38 E:/Software/Scoop/apps/gcc-arm-none-eabi/current/bin/../lib/gcc/arm-none-eabi/13.2.1/thumb/v7e-m+fp/hard\libc_nano.a(libc_a-stdio.o)
                0x08003c4e                __swrite
 .text.__sseek  0x08003c86       0x24 E:/Software/Scoop/apps/gcc-arm-none-eabi/current/bin/../lib/gcc/arm-none-eabi/13.2.1/thumb/v7e-m+fp/hard\libc_nano.a(libc_a-stdio.o)
                0x08003c86                __sseek
 .text.__sclose
                0x08003caa        0x8 E:/Software/Scoop/apps/gcc-arm-none-eabi/current/bin/../lib/gcc/arm-none-eabi/13.2.1/thumb/v7e-m+fp/hard\libc_nano.a(libc_a-stdio.o)
                0x08003caa                __sclose
 .text._vsnprintf_r
                0x08003cb2       0x56 E:/Software/Scoop/apps/gcc-arm-none-eabi/current/bin/../lib/gcc/arm-none-eabi/13.2.1/thumb/v7e-m+fp/hard\libc_nano.a(libc_a-vsnprintf.o)
                0x08003cb2                _vsniprintf_r
                0x08003cb2                _vsnprintf_r
 .text.vsnprintf
                0x08003d08       0x1c E:/Software/Scoop/apps/gcc-arm-none-eabi/current/bin/../lib/gcc/arm-none-eabi/13.2.1/thumb/v7e-m+fp/hard\libc_nano.a(libc_a-vsnprintf.o)
                0x08003d08                vsniprintf
                0x08003d08                vsnprintf
 .text.memset   0x08003d24       0x10 E:/Software/Scoop/apps/gcc-arm-none-eabi/current/bin/../lib/gcc/arm-none-eabi/13.2.1/thumb/v7e-m+fp/hard\libc_nano.a(libc_a-memset.o)
                0x08003d24                memset
 .text._close_r
                0x08003d34       0x20 E:/Software/Scoop/apps/gcc-arm-none-eabi/current/bin/../lib/gcc/arm-none-eabi/13.2.1/thumb/v7e-m+fp/hard\libc_nano.a(libc_a-closer.o)
                0x08003d34                _close_r
 .text._lseek_r
                0x08003d54       0x24 E:/Software/Scoop/apps/gcc-arm-none-eabi/current/bin/../lib/gcc/arm-none-eabi/13.2.1/thumb/v7e-m+fp/hard\libc_nano.a(libc_a-lseekr.o)
                0x08003d54                _lseek_r
 .text._read_r  0x08003d78       0x24 E:/Software/Scoop/apps/gcc-arm-none-eabi/current/bin/../lib/gcc/arm-none-eabi/13.2.1/thumb/v7e-m+fp/hard\libc_nano.a(libc_a-readr.o)
                0x08003d78                _read_r
 .text._write_r
                0x08003d9c       0x24 E:/Software/Scoop/apps/gcc-arm-none-eabi/current/bin/../lib/gcc/arm-none-eabi/13.2.1/thumb/v7e-m+fp/hard\libc_nano.a(libc_a-writer.o)
                0x08003d9c                _write_r
 .text.__errno  0x08003dc0        0xc E:/Software/Scoop/apps/gcc-arm-none-eabi/current/bin/../lib/gcc/arm-none-eabi/13.2.1/thumb/v7e-m+fp/hard\libc_nano.a(libc_a-errno.o)
                0x08003dc0                __errno
 .text.__libc_init_array
                0x08003dcc       0x48 E:/Software/Scoop/apps/gcc-arm-none-eabi/current/bin/../lib/gcc/arm-none-eabi/13.2.1/thumb/v7e-m+fp/hard\libc_nano.a(libc_a-init.o)
                0x08003dcc                __libc_init_array
 .text.__retarget_lock_init_recursive
                0x08003e14        0x2 E:/Software/Scoop/apps/gcc-arm-none-eabi/current/bin/../lib/gcc/arm-none-eabi/13.2.1/thumb/v7e-m+fp/hard\libc_nano.a(libc_a-lock.o)
                0x08003e14                __retarget_lock_init_recursive
 .text.__retarget_lock_acquire_recursive
                0x08003e16        0x2 E:/Software/Scoop/apps/gcc-arm-none-eabi/current/bin/../lib/gcc/arm-none-eabi/13.2.1/thumb/v7e-m+fp/hard\libc_nano.a(libc_a-lock.o)
                0x08003e16                __retarget_lock_acquire_recursive
 .text.__retarget_lock_release_recursive
                0x08003e18        0x2 E:/Software/Scoop/apps/gcc-arm-none-eabi/current/bin/../lib/gcc/arm-none-eabi/13.2.1/thumb/v7e-m+fp/hard\libc_nano.a(libc_a-lock.o)
                0x08003e18                __retarget_lock_release_recursive
 .text.memcpy   0x08003e1a       0x1c E:/Software/Scoop/apps/gcc-arm-none-eabi/current/bin/../lib/gcc/arm-none-eabi/13.2.1/thumb/v7e-m+fp/hard\libc_nano.a(libc_a-memcpy-stub.o)
                0x08003e1a                memcpy
 *fill*         0x08003e36        0x2 
 .text._free_r  0x08003e38       0x94 E:/Software/Scoop/apps/gcc-arm-none-eabi/current/bin/../lib/gcc/arm-none-eabi/13.2.1/thumb/v7e-m+fp/hard\libc_nano.a(libc_a-freer.o)
                0x08003e38                _free_r
 .text.sbrk_aligned
                0x08003ecc       0x44 E:/Software/Scoop/apps/gcc-arm-none-eabi/current/bin/../lib/gcc/arm-none-eabi/13.2.1/thumb/v7e-m+fp/hard\libc_nano.a(libc_a-mallocr.o)
 .text._malloc_r
                0x08003f10      0x100 E:/Software/Scoop/apps/gcc-arm-none-eabi/current/bin/../lib/gcc/arm-none-eabi/13.2.1/thumb/v7e-m+fp/hard\libc_nano.a(libc_a-mallocr.o)
                0x08003f10                _malloc_r
 .text.__malloc_lock
                0x08004010        0xc E:/Software/Scoop/apps/gcc-arm-none-eabi/current/bin/../lib/gcc/arm-none-eabi/13.2.1/thumb/v7e-m+fp/hard\libc_nano.a(libc_a-mlock.o)
                0x08004010                __malloc_lock
 .text.__malloc_unlock
                0x0800401c        0xc E:/Software/Scoop/apps/gcc-arm-none-eabi/current/bin/../lib/gcc/arm-none-eabi/13.2.1/thumb/v7e-m+fp/hard\libc_nano.a(libc_a-mlock.o)
                0x0800401c                __malloc_unlock
 .text.__ssputs_r
                0x08004028       0xb6 E:/Software/Scoop/apps/gcc-arm-none-eabi/current/bin/../lib/gcc/arm-none-eabi/13.2.1/thumb/v7e-m+fp/hard\libc_nano.a(libc_a-nano-svfprintf.o)
                0x08004028                __ssputs_r
 *fill*         0x080040de        0x2 
 .text._svfprintf_r
                0x080040e0      0x1f8 E:/Software/Scoop/apps/gcc-arm-none-eabi/current/bin/../lib/gcc/arm-none-eabi/13.2.1/thumb/v7e-m+fp/hard\libc_nano.a(libc_a-nano-svfprintf.o)
                0x080040e0                _svfiprintf_r
                0x080040e0                _svfprintf_r
 .text.__sfputc_r
                0x080042d8       0x2e E:/Software/Scoop/apps/gcc-arm-none-eabi/current/bin/../lib/gcc/arm-none-eabi/13.2.1/thumb/v7e-m+fp/hard\libc_nano.a(libc_a-nano-vfprintf.o)
 .text.__sfputs_r
                0x08004306       0x24 E:/Software/Scoop/apps/gcc-arm-none-eabi/current/bin/../lib/gcc/arm-none-eabi/13.2.1/thumb/v7e-m+fp/hard\libc_nano.a(libc_a-nano-vfprintf.o)
                0x08004306                __sfputs_r
 *fill*         0x0800432a        0x2 
 .text._vfprintf_r
                0x0800432c      0x230 E:/Software/Scoop/apps/gcc-arm-none-eabi/current/bin/../lib/gcc/arm-none-eabi/13.2.1/thumb/v7e-m+fp/hard\libc_nano.a(libc_a-nano-vfprintf.o)
                0x0800432c                _vfprintf_r
                0x0800432c                _vfiprintf_r
 .text._printf_common
                0x0800455c       0xda E:/Software/Scoop/apps/gcc-arm-none-eabi/current/bin/../lib/gcc/arm-none-eabi/13.2.1/thumb/v7e-m+fp/hard\libc_nano.a(libc_a-nano-vfprintf_i.o)
                0x0800455c                _printf_common
 *fill*         0x08004636        0x2 
 .text._printf_i
                0x08004638      0x23c E:/Software/Scoop/apps/gcc-arm-none-eabi/current/bin/../lib/gcc/arm-none-eabi/13.2.1/thumb/v7e-m+fp/hard\libc_nano.a(libc_a-nano-vfprintf_i.o)
                0x08004638                _printf_i
 .text.__sflush_r
                0x08004874      0x108 E:/Software/Scoop/apps/gcc-arm-none-eabi/current/bin/../lib/gcc/arm-none-eabi/13.2.1/thumb/v7e-m+fp/hard\libc_nano.a(libc_a-fflush.o)
                0x08004874                __sflush_r
 .text._fflush_r
                0x0800497c       0x50 E:/Software/Scoop/apps/gcc-arm-none-eabi/current/bin/../lib/gcc/arm-none-eabi/13.2.1/thumb/v7e-m+fp/hard\libc_nano.a(libc_a-fflush.o)
                0x0800497c                _fflush_r
 .text.__swbuf_r
                0x080049cc       0x7c E:/Software/Scoop/apps/gcc-arm-none-eabi/current/bin/../lib/gcc/arm-none-eabi/13.2.1/thumb/v7e-m+fp/hard\libc_nano.a(libc_a-wbuf.o)
                0x080049cc                __swbuf_r
 .text.__swsetup_r
                0x08004a48       0xac E:/Software/Scoop/apps/gcc-arm-none-eabi/current/bin/../lib/gcc/arm-none-eabi/13.2.1/thumb/v7e-m+fp/hard\libc_nano.a(libc_a-wsetup.o)
                0x08004a48                __swsetup_r
 .text.memmove  0x08004af4       0x34 E:/Software/Scoop/apps/gcc-arm-none-eabi/current/bin/../lib/gcc/arm-none-eabi/13.2.1/thumb/v7e-m+fp/hard\libc_nano.a(libc_a-memmove.o)
                0x08004af4                memmove
 .text._sbrk_r  0x08004b28       0x20 E:/Software/Scoop/apps/gcc-arm-none-eabi/current/bin/../lib/gcc/arm-none-eabi/13.2.1/thumb/v7e-m+fp/hard\libc_nano.a(libc_a-sbrkr.o)
                0x08004b28                _sbrk_r
 .text._realloc_r
                0x08004b48       0x5c E:/Software/Scoop/apps/gcc-arm-none-eabi/current/bin/../lib/gcc/arm-none-eabi/13.2.1/thumb/v7e-m+fp/hard\libc_nano.a(libc_a-reallocr.o)
                0x08004b48                _realloc_r
 .text.__swhatbuf_r
                0x08004ba4       0x4c E:/Software/Scoop/apps/gcc-arm-none-eabi/current/bin/../lib/gcc/arm-none-eabi/13.2.1/thumb/v7e-m+fp/hard\libc_nano.a(libc_a-makebuf.o)
                0x08004ba4                __swhatbuf_r
 .text.__smakebuf_r
                0x08004bf0       0x78 E:/Software/Scoop/apps/gcc-arm-none-eabi/current/bin/../lib/gcc/arm-none-eabi/13.2.1/thumb/v7e-m+fp/hard\libc_nano.a(libc_a-makebuf.o)
                0x08004bf0                __smakebuf_r
 .text._fstat_r
                0x08004c68       0x24 E:/Software/Scoop/apps/gcc-arm-none-eabi/current/bin/../lib/gcc/arm-none-eabi/13.2.1/thumb/v7e-m+fp/hard\libc_nano.a(libc_a-fstatr.o)
                0x08004c68                _fstat_r
 .text._isatty_r
                0x08004c8c       0x20 E:/Software/Scoop/apps/gcc-arm-none-eabi/current/bin/../lib/gcc/arm-none-eabi/13.2.1/thumb/v7e-m+fp/hard\libc_nano.a(libc_a-isattyr.o)
                0x08004c8c                _isatty_r
 .text._malloc_usable_size_r
                0x08004cac       0x10 E:/Software/Scoop/apps/gcc-arm-none-eabi/current/bin/../lib/gcc/arm-none-eabi/13.2.1/thumb/v7e-m+fp/hard\libc_nano.a(libc_a-msizer.o)
                0x08004cac                _malloc_usable_size_r
 .text.__udivmoddi4
                0x08004cbc      0x2bc E:/Software/Scoop/apps/gcc-arm-none-eabi/current/bin/../lib/gcc/arm-none-eabi/13.2.1/thumb/v7e-m+fp/hard\libgcc.a(_udivmoddi4.o)
                0x08004cbc                __udivmoddi4
 *(.glue_7)
 .glue_7        0x08004f78        0x0 linker stubs
 *(.glue_7t)
 .glue_7t       0x08004f78        0x0 linker stubs
 *(.eh_frame)
 .eh_frame      0x08004f78        0x0 E:/Software/Scoop/apps/gcc-arm-none-eabi/current/bin/../lib/gcc/arm-none-eabi/13.2.1/thumb/v7e-m+fp/hard/crtbegin.o
 *(.init)
 .init          0x08004f78        0x4 E:/Software/Scoop/apps/gcc-arm-none-eabi/current/bin/../lib/gcc/arm-none-eabi/13.2.1/thumb/v7e-m+fp/hard/crti.o
                0x08004f78                _init
 .init          0x08004f7c        0x8 E:/Software/Scoop/apps/gcc-arm-none-eabi/current/bin/../lib/gcc/arm-none-eabi/13.2.1/thumb/v7e-m+fp/hard/crtn.o
 *(.fini)
 .fini          0x08004f84        0x4 E:/Software/Scoop/apps/gcc-arm-none-eabi/current/bin/../lib/gcc/arm-none-eabi/13.2.1/thumb/v7e-m+fp/hard/crti.o
                0x08004f84                _fini
 .fini          0x08004f88        0x8 E:/Software/Scoop/apps/gcc-arm-none-eabi/current/bin/../lib/gcc/arm-none-eabi/13.2.1/thumb/v7e-m+fp/hard/crtn.o
                0x08004f90                        . = ALIGN (0x4)
                0x08004f90                        _etext = .

.vfp11_veneer   0x08004f90        0x0
 .vfp11_veneer  0x08004f90        0x0 linker stubs

.v4_bx          0x08004f90        0x0
 .v4_bx         0x08004f90        0x0 linker stubs

.iplt           0x08004f90        0x0
 .iplt          0x08004f90        0x0 E:/Software/Scoop/apps/gcc-arm-none-eabi/current/bin/../lib/gcc/arm-none-eabi/13.2.1/thumb/v7e-m+fp/hard/crtbegin.o

.rodata         0x08004f90     0x1694
                0x08004f90                        . = ALIGN (0x4)
 *(.rodata)
 .rodata        0x08004f90      0x28f CMakeFiles/STM32_Handheld.dir/Core/Src/bsp_USART.c.obj
 *fill*         0x0800521f        0x1 
 .rodata        0x08005220        0xa CMakeFiles/STM32_Handheld.dir/Bsp/bluetooth.cpp.obj
 *fill*         0x0800522a        0x2 
 .rodata        0x0800522c       0x1c CMakeFiles/STM32_Handheld.dir/Bsp/rfid.cpp.obj
 .rodata        0x08005248       0x41 CMakeFiles/STM32_Handheld.dir/UserApp/main.cpp.obj
 *(.rodata*)
 *fill*         0x08005289        0x3 
 .rodata.Font16x26
                0x0800528c     0x134c CMakeFiles/STM32_Handheld.dir/Bsp/fonts.c.obj
 .rodata.AHBPrescTable
                0x080065d8       0x10 CMakeFiles/STM32_Handheld.dir/Core/Src/system_stm32f4xx.c.obj
                0x080065d8                AHBPrescTable
 .rodata.APBPrescTable
                0x080065e8        0x8 CMakeFiles/STM32_Handheld.dir/Core/Src/system_stm32f4xx.c.obj
                0x080065e8                APBPrescTable
 .rodata._svfprintf_r.str1.1
                0x080065f0       0x33 E:/Software/Scoop/apps/gcc-arm-none-eabi/current/bin/../lib/gcc/arm-none-eabi/13.2.1/thumb/v7e-m+fp/hard\libc_nano.a(libc_a-nano-svfprintf.o)
                                 0x11 (size before relaxing)
 .rodata._vfprintf_r.str1.1
                0x08006623       0x11 E:/Software/Scoop/apps/gcc-arm-none-eabi/current/bin/../lib/gcc/arm-none-eabi/13.2.1/thumb/v7e-m+fp/hard\libc_nano.a(libc_a-nano-vfprintf.o)
 .rodata._printf_i.str1.1
                0x08006623       0x22 E:/Software/Scoop/apps/gcc-arm-none-eabi/current/bin/../lib/gcc/arm-none-eabi/13.2.1/thumb/v7e-m+fp/hard\libc_nano.a(libc_a-nano-vfprintf_i.o)
                0x08006648                        . = ALIGN (0x4)
 *fill*         0x08006623        0x1 

.ARM.extab
 *(.ARM.extab* .gnu.linkonce.armextab.*)

.ARM            0x08006624        0x8
                0x08006624                        __exidx_start = .
 *(.ARM.exidx*)
 .ARM.exidx     0x08006624        0x8 E:/Software/Scoop/apps/gcc-arm-none-eabi/current/bin/../lib/gcc/arm-none-eabi/13.2.1/thumb/v7e-m+fp/hard\libc_nano.a(libc_a-memchr.o)
 .ARM.exidx.text.__udivmoddi4
                0x0800662c        0x0 E:/Software/Scoop/apps/gcc-arm-none-eabi/current/bin/../lib/gcc/arm-none-eabi/13.2.1/thumb/v7e-m+fp/hard\libgcc.a(_udivmoddi4.o)
                                  0x8 (size before relaxing)
                0x0800662c                        __exidx_end = .

.rel.dyn        0x0800662c        0x0
 .rel.iplt      0x0800662c        0x0 E:/Software/Scoop/apps/gcc-arm-none-eabi/current/bin/../lib/gcc/arm-none-eabi/13.2.1/thumb/v7e-m+fp/hard/crtbegin.o

.preinit_array  0x0800662c        0x0
                0x0800662c                        PROVIDE (__preinit_array_start = .)
 *(.preinit_array*)
                0x0800662c                        PROVIDE (__preinit_array_end = .)

.init_array     0x0800662c        0x8
                0x0800662c                        PROVIDE (__init_array_start = .)
 *(SORT_BY_NAME(.init_array.*))
 *(.init_array*)
 .init_array    0x0800662c        0x4 E:/Software/Scoop/apps/gcc-arm-none-eabi/current/bin/../lib/gcc/arm-none-eabi/13.2.1/thumb/v7e-m+fp/hard/crtbegin.o
 .init_array    0x08006630        0x4 CMakeFiles/STM32_Handheld.dir/UserApp/main.cpp.obj
                0x08006634                        PROVIDE (__init_array_end = .)

.fini_array     0x08006634        0x4
                [!provide]                        PROVIDE (__fini_array_start = .)
 *(SORT_BY_NAME(.fini_array.*))
 *(.fini_array*)
 .fini_array    0x08006634        0x4 E:/Software/Scoop/apps/gcc-arm-none-eabi/current/bin/../lib/gcc/arm-none-eabi/13.2.1/thumb/v7e-m+fp/hard/crtbegin.o
                [!provide]                        PROVIDE (__fini_array_end = .)
                0x08006638                        _sidata = LOADADDR (.data)

.data           0x20000000       0x70 load address 0x08006638
                0x20000000                        . = ALIGN (0x4)
                0x20000000                        _sdata = .
 *(.data)
 *(.data*)
 .data.Font_16x26
                0x20000000        0x8 CMakeFiles/STM32_Handheld.dir/Bsp/fonts.c.obj
                0x20000000                Font_16x26
 .data.uwTickPrio
                0x20000008        0x4 CMakeFiles/STM32_Handheld.dir/Drivers/STM32F4xx_HAL_Driver/Src/stm32f4xx_hal.c.obj
                0x20000008                uwTickPrio
 .data.uwTickFreq
                0x2000000c        0x1 CMakeFiles/STM32_Handheld.dir/Drivers/STM32F4xx_HAL_Driver/Src/stm32f4xx_hal.c.obj
                0x2000000c                uwTickFreq
 *fill*         0x2000000d        0x3 
 .data.SystemCoreClock
                0x20000010        0x4 CMakeFiles/STM32_Handheld.dir/Core/Src/system_stm32f4xx.c.obj
                0x20000010                SystemCoreClock
 .data.__sglue  0x20000014        0xc E:/Software/Scoop/apps/gcc-arm-none-eabi/current/bin/../lib/gcc/arm-none-eabi/13.2.1/thumb/v7e-m+fp/hard\libc_nano.a(libc_a-findfp.o)
                0x20000014                __sglue
 .data._impure_ptr
                0x20000020        0x4 E:/Software/Scoop/apps/gcc-arm-none-eabi/current/bin/../lib/gcc/arm-none-eabi/13.2.1/thumb/v7e-m+fp/hard\libc_nano.a(libc_a-impure.o)
                0x20000020                _impure_ptr
 .data._impure_data
                0x20000024       0x4c E:/Software/Scoop/apps/gcc-arm-none-eabi/current/bin/../lib/gcc/arm-none-eabi/13.2.1/thumb/v7e-m+fp/hard\libc_nano.a(libc_a-impure.o)
                0x20000024                _impure_data
                0x20000070                        . = ALIGN (0x4)
                0x20000070                        _edata = .
                0x080066a8                        _siccmram = LOADADDR (.ccmram)

.tm_clone_table
                0x20000070        0x0 load address 0x080066a8
 .tm_clone_table
                0x20000070        0x0 E:/Software/Scoop/apps/gcc-arm-none-eabi/current/bin/../lib/gcc/arm-none-eabi/13.2.1/thumb/v7e-m+fp/hard/crtbegin.o
 .tm_clone_table
                0x20000070        0x0 E:/Software/Scoop/apps/gcc-arm-none-eabi/current/bin/../lib/gcc/arm-none-eabi/13.2.1/thumb/v7e-m+fp/hard/crtend.o

.igot.plt       0x20000070        0x0 load address 0x080066a8
 .igot.plt      0x20000070        0x0 E:/Software/Scoop/apps/gcc-arm-none-eabi/current/bin/../lib/gcc/arm-none-eabi/13.2.1/thumb/v7e-m+fp/hard/crtbegin.o

.ccmram         0x10000000        0x0 load address 0x080066a8
                0x10000000                        . = ALIGN (0x4)
                0x10000000                        _sccmram = .
 *(.ccmram)
 *(.ccmram*)
                0x10000000                        . = ALIGN (0x4)
                0x10000000                        _eccmram = .
                0x10000000                        . = ALIGN (0x4)

.bss            0x20000070     0x2e34
                0x20000070                        _sbss = .
                0x20000070                        __bss_start__ = _sbss
 *(.bss)
 *(.bss*)
 .bss.completed.1
                0x20000070        0x1 E:/Software/Scoop/apps/gcc-arm-none-eabi/current/bin/../lib/gcc/arm-none-eabi/13.2.1/thumb/v7e-m+fp/hard/crtbegin.o
 *fill*         0x20000071        0x3 
 .bss.object.0  0x20000074       0x18 E:/Software/Scoop/apps/gcc-arm-none-eabi/current/bin/../lib/gcc/arm-none-eabi/13.2.1/thumb/v7e-m+fp/hard/crtbegin.o
 .bss.xUSART1   0x2000008c      0x406 CMakeFiles/STM32_Handheld.dir/Core/Src/bsp_USART.c.obj
 *fill*         0x20000492        0x2 
 .bss.xUSART2   0x20000494      0x406 CMakeFiles/STM32_Handheld.dir/Core/Src/bsp_USART.c.obj
 *fill*         0x2000089a        0x2 
 .bss.xUSART3   0x2000089c      0x406 CMakeFiles/STM32_Handheld.dir/Core/Src/bsp_USART.c.obj
 *fill*         0x20000ca2        0x2 
 .bss.xUART4    0x20000ca4      0x406 CMakeFiles/STM32_Handheld.dir/Core/Src/bsp_USART.c.obj
 *fill*         0x200010aa        0x2 
 .bss.xUART5    0x200010ac      0x406 CMakeFiles/STM32_Handheld.dir/Core/Src/bsp_USART.c.obj
 *fill*         0x200014b2        0x2 
 .bss.xUSART6   0x200014b4      0x406 CMakeFiles/STM32_Handheld.dir/Core/Src/bsp_USART.c.obj
 .bss.cnt.17    0x200018ba        0x2 CMakeFiles/STM32_Handheld.dir/Core/Src/bsp_USART.c.obj
 .bss.rxTemp.16
                0x200018bc      0x200 CMakeFiles/STM32_Handheld.dir/Core/Src/bsp_USART.c.obj
 .bss.mBuffer.15
                0x20001abc      0x200 CMakeFiles/STM32_Handheld.dir/Core/Src/bsp_USART.c.obj
 .bss.cnt.14    0x20001cbc        0x2 CMakeFiles/STM32_Handheld.dir/Core/Src/bsp_USART.c.obj
 *fill*         0x20001cbe        0x2 
 .bss.rxTemp.13
                0x20001cc0      0x200 CMakeFiles/STM32_Handheld.dir/Core/Src/bsp_USART.c.obj
 .bss.cnt.11    0x20001ec0        0x2 CMakeFiles/STM32_Handheld.dir/Core/Src/bsp_USART.c.obj
 *fill*         0x20001ec2        0x2 
 .bss.rxTemp.10
                0x20001ec4      0x200 CMakeFiles/STM32_Handheld.dir/Core/Src/bsp_USART.c.obj
 .bss.mBuffer.9
                0x200020c4      0x200 CMakeFiles/STM32_Handheld.dir/Core/Src/bsp_USART.c.obj
 .bss.cnt.8     0x200022c4        0x2 CMakeFiles/STM32_Handheld.dir/Core/Src/bsp_USART.c.obj
 *fill*         0x200022c6        0x2 
 .bss.rxTemp.7  0x200022c8      0x200 CMakeFiles/STM32_Handheld.dir/Core/Src/bsp_USART.c.obj
 .bss.cnt.5     0x200024c8        0x2 CMakeFiles/STM32_Handheld.dir/Core/Src/bsp_USART.c.obj
 *fill*         0x200024ca        0x2 
 .bss.rxTemp.4  0x200024cc      0x200 CMakeFiles/STM32_Handheld.dir/Core/Src/bsp_USART.c.obj
 .bss.cnt.2     0x200026cc        0x2 CMakeFiles/STM32_Handheld.dir/Core/Src/bsp_USART.c.obj
 *fill*         0x200026ce        0x2 
 .bss.rxTemp.1  0x200026d0      0x200 CMakeFiles/STM32_Handheld.dir/Core/Src/bsp_USART.c.obj
 .bss._ZL14SSD1306_Buffer
                0x200028d0      0x400 CMakeFiles/STM32_Handheld.dir/Bsp/ssd1306.cpp.obj
 .bss._ZL7SSD1306
                0x20002cd0        0x6 CMakeFiles/STM32_Handheld.dir/Bsp/ssd1306.cpp.obj
 *fill*         0x20002cd6        0x2 
 .bss.rfid      0x20002cd8       0x1e CMakeFiles/STM32_Handheld.dir/UserApp/main.cpp.obj
                0x20002cd8                rfid
 *fill*         0x20002cf6        0x2 
 .bss.ble       0x20002cf8        0x1 CMakeFiles/STM32_Handheld.dir/UserApp/main.cpp.obj
                0x20002cf8                ble
 *fill*         0x20002cf9        0x3 
 .bss.hi2c1     0x20002cfc       0x54 CMakeFiles/STM32_Handheld.dir/Core/Src/i2c.c.obj
                0x20002cfc                hi2c1
 .bss.uwTick    0x20002d50        0x4 CMakeFiles/STM32_Handheld.dir/Drivers/STM32F4xx_HAL_Driver/Src/stm32f4xx_hal.c.obj
                0x20002d50                uwTick
 .bss.__sbrk_heap_end
                0x20002d54        0x4 CMakeFiles/STM32_Handheld.dir/Core/Src/sysmem.c.obj
 .bss.__sf      0x20002d58      0x138 E:/Software/Scoop/apps/gcc-arm-none-eabi/current/bin/../lib/gcc/arm-none-eabi/13.2.1/thumb/v7e-m+fp/hard\libc_nano.a(libc_a-findfp.o)
                0x20002d58                __sf
 .bss.__stdio_exit_handler
                0x20002e90        0x4 E:/Software/Scoop/apps/gcc-arm-none-eabi/current/bin/../lib/gcc/arm-none-eabi/13.2.1/thumb/v7e-m+fp/hard\libc_nano.a(libc_a-findfp.o)
                0x20002e90                __stdio_exit_handler
 .bss.errno     0x20002e94        0x4 E:/Software/Scoop/apps/gcc-arm-none-eabi/current/bin/../lib/gcc/arm-none-eabi/13.2.1/thumb/v7e-m+fp/hard\libc_nano.a(libc_a-reent.o)
                0x20002e94                errno
 .bss.__lock___malloc_recursive_mutex
                0x20002e98        0x1 E:/Software/Scoop/apps/gcc-arm-none-eabi/current/bin/../lib/gcc/arm-none-eabi/13.2.1/thumb/v7e-m+fp/hard\libc_nano.a(libc_a-lock.o)
                0x20002e98                __lock___malloc_recursive_mutex
 .bss.__lock___sfp_recursive_mutex
                0x20002e99        0x1 E:/Software/Scoop/apps/gcc-arm-none-eabi/current/bin/../lib/gcc/arm-none-eabi/13.2.1/thumb/v7e-m+fp/hard\libc_nano.a(libc_a-lock.o)
                0x20002e99                __lock___sfp_recursive_mutex
 *fill*         0x20002e9a        0x2 
 .bss.__malloc_sbrk_start
                0x20002e9c        0x4 E:/Software/Scoop/apps/gcc-arm-none-eabi/current/bin/../lib/gcc/arm-none-eabi/13.2.1/thumb/v7e-m+fp/hard\libc_nano.a(libc_a-mallocr.o)
                0x20002e9c                __malloc_sbrk_start
 .bss.__malloc_free_list
                0x20002ea0        0x4 E:/Software/Scoop/apps/gcc-arm-none-eabi/current/bin/../lib/gcc/arm-none-eabi/13.2.1/thumb/v7e-m+fp/hard\libc_nano.a(libc_a-mallocr.o)
                0x20002ea0                __malloc_free_list
 *(COMMON)
                0x20002ea4                        . = ALIGN (0x4)
                0x20002ea4                        _ebss = .
                0x20002ea4                        __bss_end__ = _ebss

._user_heap_stack
                0x20002ea4     0x2004
                0x20002ea8                        . = ALIGN (0x8)
 *fill*         0x20002ea4        0x4 
                [!provide]                        PROVIDE (end = .)
                0x20002ea8                        PROVIDE (_end = .)
                0x20003ea8                        . = (. + _Min_Heap_Size)
 *fill*         0x20002ea8     0x1000 
                0x20004ea8                        . = (. + _Min_Stack_Size)
 *fill*         0x20003ea8     0x1000 
                0x20004ea8                        . = ALIGN (0x8)

/DISCARD/
 libc.a(*)
 libm.a(*)
 libgcc.a(*)

.ARM.attributes
                0x00000000       0x30
 *(.ARM.attributes)
 .ARM.attributes
                0x00000000       0x22 E:/Software/Scoop/apps/gcc-arm-none-eabi/current/bin/../lib/gcc/arm-none-eabi/13.2.1/thumb/v7e-m+fp/hard/crti.o
 .ARM.attributes
                0x00000022       0x34 E:/Software/Scoop/apps/gcc-arm-none-eabi/current/bin/../lib/gcc/arm-none-eabi/13.2.1/thumb/v7e-m+fp/hard/crtbegin.o
 .ARM.attributes
                0x00000056       0x34 CMakeFiles/STM32_Handheld.dir/Core/Src/bsp_USART.c.obj
 .ARM.attributes
                0x0000008a       0x34 CMakeFiles/STM32_Handheld.dir/Bsp/bluetooth.cpp.obj
 .ARM.attributes
                0x000000be       0x34 CMakeFiles/STM32_Handheld.dir/Bsp/fonts.c.obj
 .ARM.attributes
                0x000000f2       0x34 CMakeFiles/STM32_Handheld.dir/Bsp/rfid.cpp.obj
 .ARM.attributes
                0x00000126       0x34 CMakeFiles/STM32_Handheld.dir/Bsp/ssd1306.cpp.obj
 .ARM.attributes
                0x0000015a       0x34 CMakeFiles/STM32_Handheld.dir/UserApp/main.cpp.obj
 .ARM.attributes
                0x0000018e       0x34 CMakeFiles/STM32_Handheld.dir/Core/Src/main.c.obj
 .ARM.attributes
                0x000001c2       0x34 CMakeFiles/STM32_Handheld.dir/Core/Src/gpio.c.obj
 .ARM.attributes
                0x000001f6       0x34 CMakeFiles/STM32_Handheld.dir/Core/Src/i2c.c.obj
 .ARM.attributes
                0x0000022a       0x34 CMakeFiles/STM32_Handheld.dir/Core/Src/stm32f4xx_it.c.obj
 .ARM.attributes
                0x0000025e       0x34 CMakeFiles/STM32_Handheld.dir/Core/Src/stm32f4xx_hal_msp.c.obj
 .ARM.attributes
                0x00000292       0x34 CMakeFiles/STM32_Handheld.dir/Drivers/STM32F4xx_HAL_Driver/Src/stm32f4xx_hal_i2c.c.obj
 .ARM.attributes
                0x000002c6       0x34 CMakeFiles/STM32_Handheld.dir/Drivers/STM32F4xx_HAL_Driver/Src/stm32f4xx_hal_rcc.c.obj
 .ARM.attributes
                0x000002fa       0x34 CMakeFiles/STM32_Handheld.dir/Drivers/STM32F4xx_HAL_Driver/Src/stm32f4xx_hal_gpio.c.obj
 .ARM.attributes
                0x0000032e       0x34 CMakeFiles/STM32_Handheld.dir/Drivers/STM32F4xx_HAL_Driver/Src/stm32f4xx_hal_cortex.c.obj
 .ARM.attributes
                0x00000362       0x34 CMakeFiles/STM32_Handheld.dir/Drivers/STM32F4xx_HAL_Driver/Src/stm32f4xx_hal.c.obj
 .ARM.attributes
                0x00000396       0x34 CMakeFiles/STM32_Handheld.dir/Core/Src/system_stm32f4xx.c.obj
 .ARM.attributes
                0x000003ca       0x34 CMakeFiles/STM32_Handheld.dir/Core/Src/sysmem.c.obj
 .ARM.attributes
                0x000003fe       0x34 CMakeFiles/STM32_Handheld.dir/Core/Src/syscalls.c.obj
 .ARM.attributes
                0x00000432       0x21 CMakeFiles/STM32_Handheld.dir/startup_stm32f407xx.s.obj
 .ARM.attributes
                0x00000453       0x34 E:/Software/Scoop/apps/gcc-arm-none-eabi/current/bin/../lib/gcc/arm-none-eabi/13.2.1/thumb/v7e-m+fp/hard\libc_nano.a(libc_a-findfp.o)
 .ARM.attributes
                0x00000487       0x34 E:/Software/Scoop/apps/gcc-arm-none-eabi/current/bin/../lib/gcc/arm-none-eabi/13.2.1/thumb/v7e-m+fp/hard\libc_nano.a(libc_a-fwalk.o)
 .ARM.attributes
                0x000004bb       0x34 E:/Software/Scoop/apps/gcc-arm-none-eabi/current/bin/../lib/gcc/arm-none-eabi/13.2.1/thumb/v7e-m+fp/hard\libc_nano.a(libc_a-printf.o)
 .ARM.attributes
                0x000004ef       0x34 E:/Software/Scoop/apps/gcc-arm-none-eabi/current/bin/../lib/gcc/arm-none-eabi/13.2.1/thumb/v7e-m+fp/hard\libc_nano.a(libc_a-sprintf.o)
 .ARM.attributes
                0x00000523       0x34 E:/Software/Scoop/apps/gcc-arm-none-eabi/current/bin/../lib/gcc/arm-none-eabi/13.2.1/thumb/v7e-m+fp/hard\libc_nano.a(libc_a-stdio.o)
 .ARM.attributes
                0x00000557       0x34 E:/Software/Scoop/apps/gcc-arm-none-eabi/current/bin/../lib/gcc/arm-none-eabi/13.2.1/thumb/v7e-m+fp/hard\libc_nano.a(libc_a-vsnprintf.o)
 .ARM.attributes
                0x0000058b       0x34 E:/Software/Scoop/apps/gcc-arm-none-eabi/current/bin/../lib/gcc/arm-none-eabi/13.2.1/thumb/v7e-m+fp/hard\libc_nano.a(libc_a-memset.o)
 .ARM.attributes
                0x000005bf       0x34 E:/Software/Scoop/apps/gcc-arm-none-eabi/current/bin/../lib/gcc/arm-none-eabi/13.2.1/thumb/v7e-m+fp/hard\libc_nano.a(libc_a-closer.o)
 .ARM.attributes
                0x000005f3       0x34 E:/Software/Scoop/apps/gcc-arm-none-eabi/current/bin/../lib/gcc/arm-none-eabi/13.2.1/thumb/v7e-m+fp/hard\libc_nano.a(libc_a-reent.o)
 .ARM.attributes
                0x00000627       0x34 E:/Software/Scoop/apps/gcc-arm-none-eabi/current/bin/../lib/gcc/arm-none-eabi/13.2.1/thumb/v7e-m+fp/hard\libc_nano.a(libc_a-impure.o)
 .ARM.attributes
                0x0000065b       0x34 E:/Software/Scoop/apps/gcc-arm-none-eabi/current/bin/../lib/gcc/arm-none-eabi/13.2.1/thumb/v7e-m+fp/hard\libc_nano.a(libc_a-lseekr.o)
 .ARM.attributes
                0x0000068f       0x34 E:/Software/Scoop/apps/gcc-arm-none-eabi/current/bin/../lib/gcc/arm-none-eabi/13.2.1/thumb/v7e-m+fp/hard\libc_nano.a(libc_a-readr.o)
 .ARM.attributes
                0x000006c3       0x34 E:/Software/Scoop/apps/gcc-arm-none-eabi/current/bin/../lib/gcc/arm-none-eabi/13.2.1/thumb/v7e-m+fp/hard\libc_nano.a(libc_a-writer.o)
 .ARM.attributes
                0x000006f7       0x34 E:/Software/Scoop/apps/gcc-arm-none-eabi/current/bin/../lib/gcc/arm-none-eabi/13.2.1/thumb/v7e-m+fp/hard\libc_nano.a(libc_a-errno.o)
 .ARM.attributes
                0x0000072b       0x34 E:/Software/Scoop/apps/gcc-arm-none-eabi/current/bin/../lib/gcc/arm-none-eabi/13.2.1/thumb/v7e-m+fp/hard\libc_nano.a(libc_a-init.o)
 .ARM.attributes
                0x0000075f       0x34 E:/Software/Scoop/apps/gcc-arm-none-eabi/current/bin/../lib/gcc/arm-none-eabi/13.2.1/thumb/v7e-m+fp/hard\libc_nano.a(libc_a-lock.o)
 .ARM.attributes
                0x00000793       0x34 E:/Software/Scoop/apps/gcc-arm-none-eabi/current/bin/../lib/gcc/arm-none-eabi/13.2.1/thumb/v7e-m+fp/hard\libc_nano.a(libc_a-memcpy-stub.o)
 .ARM.attributes
                0x000007c7       0x34 E:/Software/Scoop/apps/gcc-arm-none-eabi/current/bin/../lib/gcc/arm-none-eabi/13.2.1/thumb/v7e-m+fp/hard\libc_nano.a(libc_a-freer.o)
 .ARM.attributes
                0x000007fb       0x34 E:/Software/Scoop/apps/gcc-arm-none-eabi/current/bin/../lib/gcc/arm-none-eabi/13.2.1/thumb/v7e-m+fp/hard\libc_nano.a(libc_a-mallocr.o)
 .ARM.attributes
                0x0000082f       0x34 E:/Software/Scoop/apps/gcc-arm-none-eabi/current/bin/../lib/gcc/arm-none-eabi/13.2.1/thumb/v7e-m+fp/hard\libc_nano.a(libc_a-mlock.o)
 .ARM.attributes
                0x00000863       0x34 E:/Software/Scoop/apps/gcc-arm-none-eabi/current/bin/../lib/gcc/arm-none-eabi/13.2.1/thumb/v7e-m+fp/hard\libc_nano.a(libc_a-nano-svfprintf.o)
 .ARM.attributes
                0x00000897       0x34 E:/Software/Scoop/apps/gcc-arm-none-eabi/current/bin/../lib/gcc/arm-none-eabi/13.2.1/thumb/v7e-m+fp/hard\libc_nano.a(libc_a-nano-vfprintf.o)
 .ARM.attributes
                0x000008cb       0x34 E:/Software/Scoop/apps/gcc-arm-none-eabi/current/bin/../lib/gcc/arm-none-eabi/13.2.1/thumb/v7e-m+fp/hard\libc_nano.a(libc_a-nano-vfprintf_i.o)
 .ARM.attributes
                0x000008ff       0x34 E:/Software/Scoop/apps/gcc-arm-none-eabi/current/bin/../lib/gcc/arm-none-eabi/13.2.1/thumb/v7e-m+fp/hard\libc_nano.a(libc_a-fflush.o)
 .ARM.attributes
                0x00000933       0x34 E:/Software/Scoop/apps/gcc-arm-none-eabi/current/bin/../lib/gcc/arm-none-eabi/13.2.1/thumb/v7e-m+fp/hard\libc_nano.a(libc_a-wbuf.o)
 .ARM.attributes
                0x00000967       0x34 E:/Software/Scoop/apps/gcc-arm-none-eabi/current/bin/../lib/gcc/arm-none-eabi/13.2.1/thumb/v7e-m+fp/hard\libc_nano.a(libc_a-wsetup.o)
 .ARM.attributes
                0x0000099b       0x34 E:/Software/Scoop/apps/gcc-arm-none-eabi/current/bin/../lib/gcc/arm-none-eabi/13.2.1/thumb/v7e-m+fp/hard\libc_nano.a(libc_a-memmove.o)
 .ARM.attributes
                0x000009cf       0x34 E:/Software/Scoop/apps/gcc-arm-none-eabi/current/bin/../lib/gcc/arm-none-eabi/13.2.1/thumb/v7e-m+fp/hard\libc_nano.a(libc_a-sbrkr.o)
 .ARM.attributes
                0x00000a03       0x1c E:/Software/Scoop/apps/gcc-arm-none-eabi/current/bin/../lib/gcc/arm-none-eabi/13.2.1/thumb/v7e-m+fp/hard\libc_nano.a(libc_a-memchr.o)
 .ARM.attributes
                0x00000a1f       0x34 E:/Software/Scoop/apps/gcc-arm-none-eabi/current/bin/../lib/gcc/arm-none-eabi/13.2.1/thumb/v7e-m+fp/hard\libc_nano.a(libc_a-reallocr.o)
 .ARM.attributes
                0x00000a53       0x34 E:/Software/Scoop/apps/gcc-arm-none-eabi/current/bin/../lib/gcc/arm-none-eabi/13.2.1/thumb/v7e-m+fp/hard\libc_nano.a(libc_a-makebuf.o)
 .ARM.attributes
                0x00000a87       0x34 E:/Software/Scoop/apps/gcc-arm-none-eabi/current/bin/../lib/gcc/arm-none-eabi/13.2.1/thumb/v7e-m+fp/hard\libc_nano.a(libc_a-fstatr.o)
 .ARM.attributes
                0x00000abb       0x34 E:/Software/Scoop/apps/gcc-arm-none-eabi/current/bin/../lib/gcc/arm-none-eabi/13.2.1/thumb/v7e-m+fp/hard\libc_nano.a(libc_a-isattyr.o)
 .ARM.attributes
                0x00000aef       0x34 E:/Software/Scoop/apps/gcc-arm-none-eabi/current/bin/../lib/gcc/arm-none-eabi/13.2.1/thumb/v7e-m+fp/hard\libc_nano.a(libc_a-msizer.o)
 .ARM.attributes
                0x00000b23       0x22 E:/Software/Scoop/apps/gcc-arm-none-eabi/current/bin/../lib/gcc/arm-none-eabi/13.2.1/thumb/v7e-m+fp/hard\libgcc.a(_aeabi_uldivmod.o)
 .ARM.attributes
                0x00000b45       0x34 E:/Software/Scoop/apps/gcc-arm-none-eabi/current/bin/../lib/gcc/arm-none-eabi/13.2.1/thumb/v7e-m+fp/hard\libgcc.a(_udivmoddi4.o)
 .ARM.attributes
                0x00000b79       0x22 E:/Software/Scoop/apps/gcc-arm-none-eabi/current/bin/../lib/gcc/arm-none-eabi/13.2.1/thumb/v7e-m+fp/hard\libgcc.a(_dvmd_tls.o)
 .ARM.attributes
                0x00000b9b       0x34 E:/Software/Scoop/apps/gcc-arm-none-eabi/current/bin/../lib/gcc/arm-none-eabi/13.2.1/thumb/v7e-m+fp/hard/crtend.o
 .ARM.attributes
                0x00000bcf       0x22 E:/Software/Scoop/apps/gcc-arm-none-eabi/current/bin/../lib/gcc/arm-none-eabi/13.2.1/thumb/v7e-m+fp/hard/crtn.o
OUTPUT(STM32_Handheld.elf elf32-littlearm)
LOAD linker stubs
LOAD E:/Software/Scoop/apps/gcc-arm-none-eabi/current/bin/../lib/gcc/arm-none-eabi/13.2.1/thumb/v7e-m+fp/hard\libc.a
LOAD E:/Software/Scoop/apps/gcc-arm-none-eabi/current/bin/../lib/gcc/arm-none-eabi/13.2.1/thumb/v7e-m+fp/hard\libm.a
LOAD E:/Software/Scoop/apps/gcc-arm-none-eabi/current/bin/../lib/gcc/arm-none-eabi/13.2.1/thumb/v7e-m+fp/hard\libgcc.a

.debug_info     0x00000000     0x9d3b
 .debug_info    0x00000000     0x10ad CMakeFiles/STM32_Handheld.dir/Core/Src/bsp_USART.c.obj
 .debug_info    0x000010ad      0x18e CMakeFiles/STM32_Handheld.dir/Bsp/bluetooth.cpp.obj
 .debug_info    0x0000123b      0x19a CMakeFiles/STM32_Handheld.dir/Bsp/fonts.c.obj
 .debug_info    0x000013d5      0x353 CMakeFiles/STM32_Handheld.dir/Bsp/rfid.cpp.obj
 .debug_info    0x00001728      0xa2d CMakeFiles/STM32_Handheld.dir/Bsp/ssd1306.cpp.obj
 .debug_info    0x00002155      0xbc3 CMakeFiles/STM32_Handheld.dir/UserApp/main.cpp.obj
 .debug_info    0x00002d18      0x541 CMakeFiles/STM32_Handheld.dir/Core/Src/main.c.obj
 .debug_info    0x00003259      0x646 CMakeFiles/STM32_Handheld.dir/Core/Src/gpio.c.obj
 .debug_info    0x0000389f      0x968 CMakeFiles/STM32_Handheld.dir/Core/Src/i2c.c.obj
 .debug_info    0x00004207      0x15a CMakeFiles/STM32_Handheld.dir/Core/Src/stm32f4xx_it.c.obj
 .debug_info    0x00004361      0x269 CMakeFiles/STM32_Handheld.dir/Core/Src/stm32f4xx_hal_msp.c.obj
 .debug_info    0x000045ca     0x2415 CMakeFiles/STM32_Handheld.dir/Drivers/STM32F4xx_HAL_Driver/Src/stm32f4xx_hal_i2c.c.obj
 .debug_info    0x000069df      0x8b1 CMakeFiles/STM32_Handheld.dir/Drivers/STM32F4xx_HAL_Driver/Src/stm32f4xx_hal_rcc.c.obj
 .debug_info    0x00007290      0x6c3 CMakeFiles/STM32_Handheld.dir/Drivers/STM32F4xx_HAL_Driver/Src/stm32f4xx_hal_gpio.c.obj
 .debug_info    0x00007953      0xd57 CMakeFiles/STM32_Handheld.dir/Drivers/STM32F4xx_HAL_Driver/Src/stm32f4xx_hal_cortex.c.obj
 .debug_info    0x000086aa      0x944 CMakeFiles/STM32_Handheld.dir/Drivers/STM32F4xx_HAL_Driver/Src/stm32f4xx_hal.c.obj
 .debug_info    0x00008fee      0x512 CMakeFiles/STM32_Handheld.dir/Core/Src/system_stm32f4xx.c.obj
 .debug_info    0x00009500      0x168 CMakeFiles/STM32_Handheld.dir/Core/Src/sysmem.c.obj
 .debug_info    0x00009668      0x6a3 CMakeFiles/STM32_Handheld.dir/Core/Src/syscalls.c.obj
 .debug_info    0x00009d0b       0x30 CMakeFiles/STM32_Handheld.dir/startup_stm32f407xx.s.obj

.debug_abbrev   0x00000000     0x233f
 .debug_abbrev  0x00000000      0x33c CMakeFiles/STM32_Handheld.dir/Core/Src/bsp_USART.c.obj
 .debug_abbrev  0x0000033c      0x122 CMakeFiles/STM32_Handheld.dir/Bsp/bluetooth.cpp.obj
 .debug_abbrev  0x0000045e       0xb3 CMakeFiles/STM32_Handheld.dir/Bsp/fonts.c.obj
 .debug_abbrev  0x00000511      0x1ce CMakeFiles/STM32_Handheld.dir/Bsp/rfid.cpp.obj
 .debug_abbrev  0x000006df      0x216 CMakeFiles/STM32_Handheld.dir/Bsp/ssd1306.cpp.obj
 .debug_abbrev  0x000008f5      0x342 CMakeFiles/STM32_Handheld.dir/UserApp/main.cpp.obj
 .debug_abbrev  0x00000c37      0x208 CMakeFiles/STM32_Handheld.dir/Core/Src/main.c.obj
 .debug_abbrev  0x00000e3f      0x174 CMakeFiles/STM32_Handheld.dir/Core/Src/gpio.c.obj
 .debug_abbrev  0x00000fb3      0x1f1 CMakeFiles/STM32_Handheld.dir/Core/Src/i2c.c.obj
 .debug_abbrev  0x000011a4       0xa0 CMakeFiles/STM32_Handheld.dir/Core/Src/stm32f4xx_it.c.obj
 .debug_abbrev  0x00001244       0xd8 CMakeFiles/STM32_Handheld.dir/Core/Src/stm32f4xx_hal_msp.c.obj
 .debug_abbrev  0x0000131c      0x2ad CMakeFiles/STM32_Handheld.dir/Drivers/STM32F4xx_HAL_Driver/Src/stm32f4xx_hal_i2c.c.obj
 .debug_abbrev  0x000015c9      0x2b6 CMakeFiles/STM32_Handheld.dir/Drivers/STM32F4xx_HAL_Driver/Src/stm32f4xx_hal_rcc.c.obj
 .debug_abbrev  0x0000187f      0x1d4 CMakeFiles/STM32_Handheld.dir/Drivers/STM32F4xx_HAL_Driver/Src/stm32f4xx_hal_gpio.c.obj
 .debug_abbrev  0x00001a53      0x328 CMakeFiles/STM32_Handheld.dir/Drivers/STM32F4xx_HAL_Driver/Src/stm32f4xx_hal_cortex.c.obj
 .debug_abbrev  0x00001d7b      0x214 CMakeFiles/STM32_Handheld.dir/Drivers/STM32F4xx_HAL_Driver/Src/stm32f4xx_hal.c.obj
 .debug_abbrev  0x00001f8f      0x11a CMakeFiles/STM32_Handheld.dir/Core/Src/system_stm32f4xx.c.obj
 .debug_abbrev  0x000020a9       0xbc CMakeFiles/STM32_Handheld.dir/Core/Src/sysmem.c.obj
 .debug_abbrev  0x00002165      0x1b6 CMakeFiles/STM32_Handheld.dir/Core/Src/syscalls.c.obj
 .debug_abbrev  0x0000231b       0x24 CMakeFiles/STM32_Handheld.dir/startup_stm32f407xx.s.obj

.debug_aranges  0x00000000      0xa48
 .debug_aranges
                0x00000000      0x170 CMakeFiles/STM32_Handheld.dir/Core/Src/bsp_USART.c.obj
 .debug_aranges
                0x00000170       0x20 CMakeFiles/STM32_Handheld.dir/Bsp/bluetooth.cpp.obj
 .debug_aranges
                0x00000190       0x18 CMakeFiles/STM32_Handheld.dir/Bsp/fonts.c.obj
 .debug_aranges
                0x000001a8       0x28 CMakeFiles/STM32_Handheld.dir/Bsp/rfid.cpp.obj
 .debug_aranges
                0x000001d0       0x60 CMakeFiles/STM32_Handheld.dir/Bsp/ssd1306.cpp.obj
 .debug_aranges
                0x00000230       0x58 CMakeFiles/STM32_Handheld.dir/UserApp/main.cpp.obj
 .debug_aranges
                0x00000288       0x30 CMakeFiles/STM32_Handheld.dir/Core/Src/main.c.obj
 .debug_aranges
                0x000002b8       0x20 CMakeFiles/STM32_Handheld.dir/Core/Src/gpio.c.obj
 .debug_aranges
                0x000002d8       0x30 CMakeFiles/STM32_Handheld.dir/Core/Src/i2c.c.obj
 .debug_aranges
                0x00000308       0x70 CMakeFiles/STM32_Handheld.dir/Core/Src/stm32f4xx_it.c.obj
 .debug_aranges
                0x00000378       0x20 CMakeFiles/STM32_Handheld.dir/Core/Src/stm32f4xx_hal_msp.c.obj
 .debug_aranges
                0x00000398      0x2a8 CMakeFiles/STM32_Handheld.dir/Drivers/STM32F4xx_HAL_Driver/Src/stm32f4xx_hal_i2c.c.obj
 .debug_aranges
                0x00000640       0x88 CMakeFiles/STM32_Handheld.dir/Drivers/STM32F4xx_HAL_Driver/Src/stm32f4xx_hal_rcc.c.obj
 .debug_aranges
                0x000006c8       0x58 CMakeFiles/STM32_Handheld.dir/Drivers/STM32F4xx_HAL_Driver/Src/stm32f4xx_hal_gpio.c.obj
 .debug_aranges
                0x00000720      0x120 CMakeFiles/STM32_Handheld.dir/Drivers/STM32F4xx_HAL_Driver/Src/stm32f4xx_hal_cortex.c.obj
 .debug_aranges
                0x00000840       0xf0 CMakeFiles/STM32_Handheld.dir/Drivers/STM32F4xx_HAL_Driver/Src/stm32f4xx_hal.c.obj
 .debug_aranges
                0x00000930       0x28 CMakeFiles/STM32_Handheld.dir/Core/Src/system_stm32f4xx.c.obj
 .debug_aranges
                0x00000958       0x20 CMakeFiles/STM32_Handheld.dir/Core/Src/sysmem.c.obj
 .debug_aranges
                0x00000978       0xa8 CMakeFiles/STM32_Handheld.dir/Core/Src/syscalls.c.obj
 .debug_aranges
                0x00000a20       0x28 CMakeFiles/STM32_Handheld.dir/startup_stm32f407xx.s.obj

.debug_rnglists
                0x00000000      0x7ab
 .debug_rnglists
                0x00000000      0x121 CMakeFiles/STM32_Handheld.dir/Core/Src/bsp_USART.c.obj
 .debug_rnglists
                0x00000121       0x13 CMakeFiles/STM32_Handheld.dir/Bsp/bluetooth.cpp.obj
 .debug_rnglists
                0x00000134       0x1a CMakeFiles/STM32_Handheld.dir/Bsp/rfid.cpp.obj
 .debug_rnglists
                0x0000014e       0x46 CMakeFiles/STM32_Handheld.dir/Bsp/ssd1306.cpp.obj
 .debug_rnglists
                0x00000194       0x3e CMakeFiles/STM32_Handheld.dir/UserApp/main.cpp.obj
 .debug_rnglists
                0x000001d2       0x20 CMakeFiles/STM32_Handheld.dir/Core/Src/main.c.obj
 .debug_rnglists
                0x000001f2       0x14 CMakeFiles/STM32_Handheld.dir/Core/Src/gpio.c.obj
 .debug_rnglists
                0x00000206       0x20 CMakeFiles/STM32_Handheld.dir/Core/Src/i2c.c.obj
 .debug_rnglists
                0x00000226       0x4f CMakeFiles/STM32_Handheld.dir/Core/Src/stm32f4xx_it.c.obj
 .debug_rnglists
                0x00000275       0x13 CMakeFiles/STM32_Handheld.dir/Core/Src/stm32f4xx_hal_msp.c.obj
 .debug_rnglists
                0x00000288      0x23c CMakeFiles/STM32_Handheld.dir/Drivers/STM32F4xx_HAL_Driver/Src/stm32f4xx_hal_i2c.c.obj
 .debug_rnglists
                0x000004c4       0x66 CMakeFiles/STM32_Handheld.dir/Drivers/STM32F4xx_HAL_Driver/Src/stm32f4xx_hal_rcc.c.obj
 .debug_rnglists
                0x0000052a       0x3f CMakeFiles/STM32_Handheld.dir/Drivers/STM32F4xx_HAL_Driver/Src/stm32f4xx_hal_gpio.c.obj
 .debug_rnglists
                0x00000569       0xd4 CMakeFiles/STM32_Handheld.dir/Drivers/STM32F4xx_HAL_Driver/Src/stm32f4xx_hal_cortex.c.obj
 .debug_rnglists
                0x0000063d       0xaf CMakeFiles/STM32_Handheld.dir/Drivers/STM32F4xx_HAL_Driver/Src/stm32f4xx_hal.c.obj
 .debug_rnglists
                0x000006ec       0x1a CMakeFiles/STM32_Handheld.dir/Core/Src/system_stm32f4xx.c.obj
 .debug_rnglists
                0x00000706       0x13 CMakeFiles/STM32_Handheld.dir/Core/Src/sysmem.c.obj
 .debug_rnglists
                0x00000719       0x79 CMakeFiles/STM32_Handheld.dir/Core/Src/syscalls.c.obj
 .debug_rnglists
                0x00000792       0x19 CMakeFiles/STM32_Handheld.dir/startup_stm32f407xx.s.obj

.debug_macro    0x00000000    0x242f2
 .debug_macro   0x00000000      0x2d6 CMakeFiles/STM32_Handheld.dir/Core/Src/bsp_USART.c.obj
 .debug_macro   0x000002d6      0xad8 CMakeFiles/STM32_Handheld.dir/Core/Src/bsp_USART.c.obj
 .debug_macro   0x00000dae      0x295 CMakeFiles/STM32_Handheld.dir/Core/Src/bsp_USART.c.obj
 .debug_macro   0x00001043       0x2e CMakeFiles/STM32_Handheld.dir/Core/Src/bsp_USART.c.obj
 .debug_macro   0x00001071       0x2f CMakeFiles/STM32_Handheld.dir/Core/Src/bsp_USART.c.obj
 .debug_macro   0x000010a0       0x22 CMakeFiles/STM32_Handheld.dir/Core/Src/bsp_USART.c.obj
 .debug_macro   0x000010c2       0x8e CMakeFiles/STM32_Handheld.dir/Core/Src/bsp_USART.c.obj
 .debug_macro   0x00001150       0x51 CMakeFiles/STM32_Handheld.dir/Core/Src/bsp_USART.c.obj
 .debug_macro   0x000011a1      0x103 CMakeFiles/STM32_Handheld.dir/Core/Src/bsp_USART.c.obj
 .debug_macro   0x000012a4       0x6a CMakeFiles/STM32_Handheld.dir/Core/Src/bsp_USART.c.obj
 .debug_macro   0x0000130e      0x1df CMakeFiles/STM32_Handheld.dir/Core/Src/bsp_USART.c.obj
 .debug_macro   0x000014ed       0x1c CMakeFiles/STM32_Handheld.dir/Core/Src/bsp_USART.c.obj
 .debug_macro   0x00001509       0x22 CMakeFiles/STM32_Handheld.dir/Core/Src/bsp_USART.c.obj
 .debug_macro   0x0000152b       0xfb CMakeFiles/STM32_Handheld.dir/Core/Src/bsp_USART.c.obj
 .debug_macro   0x00001626     0x1011 CMakeFiles/STM32_Handheld.dir/Core/Src/bsp_USART.c.obj
 .debug_macro   0x00002637      0x11f CMakeFiles/STM32_Handheld.dir/Core/Src/bsp_USART.c.obj
 .debug_macro   0x00002756    0x15e97 CMakeFiles/STM32_Handheld.dir/Core/Src/bsp_USART.c.obj
 .debug_macro   0x000185ed       0x6d CMakeFiles/STM32_Handheld.dir/Core/Src/bsp_USART.c.obj
 .debug_macro   0x0001865a     0x368c CMakeFiles/STM32_Handheld.dir/Core/Src/bsp_USART.c.obj
 .debug_macro   0x0001bce6      0x190 CMakeFiles/STM32_Handheld.dir/Core/Src/bsp_USART.c.obj
 .debug_macro   0x0001be76       0x5c CMakeFiles/STM32_Handheld.dir/Core/Src/bsp_USART.c.obj
 .debug_macro   0x0001bed2      0x980 CMakeFiles/STM32_Handheld.dir/Core/Src/bsp_USART.c.obj
 .debug_macro   0x0001c852      0x9e9 CMakeFiles/STM32_Handheld.dir/Core/Src/bsp_USART.c.obj
 .debug_macro   0x0001d23b      0x115 CMakeFiles/STM32_Handheld.dir/Core/Src/bsp_USART.c.obj
 .debug_macro   0x0001d350      0x13e CMakeFiles/STM32_Handheld.dir/Core/Src/bsp_USART.c.obj
 .debug_macro   0x0001d48e       0xa5 CMakeFiles/STM32_Handheld.dir/Core/Src/bsp_USART.c.obj
 .debug_macro   0x0001d533      0x174 CMakeFiles/STM32_Handheld.dir/Core/Src/bsp_USART.c.obj
 .debug_macro   0x0001d6a7      0x287 CMakeFiles/STM32_Handheld.dir/Core/Src/bsp_USART.c.obj
 .debug_macro   0x0001d92e       0x5f CMakeFiles/STM32_Handheld.dir/Core/Src/bsp_USART.c.obj
 .debug_macro   0x0001d98d      0x236 CMakeFiles/STM32_Handheld.dir/Core/Src/bsp_USART.c.obj
 .debug_macro   0x0001dbc3      0x12c CMakeFiles/STM32_Handheld.dir/Core/Src/bsp_USART.c.obj
 .debug_macro   0x0001dcef      0x21e CMakeFiles/STM32_Handheld.dir/Core/Src/bsp_USART.c.obj
 .debug_macro   0x0001df0d       0x2e CMakeFiles/STM32_Handheld.dir/Core/Src/bsp_USART.c.obj
 .debug_macro   0x0001df3b      0x1b5 CMakeFiles/STM32_Handheld.dir/Core/Src/bsp_USART.c.obj
 .debug_macro   0x0001e0f0       0xd6 CMakeFiles/STM32_Handheld.dir/Core/Src/bsp_USART.c.obj
 .debug_macro   0x0001e1c6      0x127 CMakeFiles/STM32_Handheld.dir/Core/Src/bsp_USART.c.obj
 .debug_macro   0x0001e2ed       0x7e CMakeFiles/STM32_Handheld.dir/Core/Src/bsp_USART.c.obj
 .debug_macro   0x0001e36b       0x89 CMakeFiles/STM32_Handheld.dir/Core/Src/bsp_USART.c.obj
 .debug_macro   0x0001e3f4      0x12d CMakeFiles/STM32_Handheld.dir/Core/Src/bsp_USART.c.obj
 .debug_macro   0x0001e521       0x7b CMakeFiles/STM32_Handheld.dir/Core/Src/bsp_USART.c.obj
 .debug_macro   0x0001e59c       0x2a CMakeFiles/STM32_Handheld.dir/Core/Src/bsp_USART.c.obj
 .debug_macro   0x0001e5c6       0x3c CMakeFiles/STM32_Handheld.dir/Core/Src/bsp_USART.c.obj
 .debug_macro   0x0001e602       0x34 CMakeFiles/STM32_Handheld.dir/Core/Src/bsp_USART.c.obj
 .debug_macro   0x0001e636       0x16 CMakeFiles/STM32_Handheld.dir/Core/Src/bsp_USART.c.obj
 .debug_macro   0x0001e64c       0x3c CMakeFiles/STM32_Handheld.dir/Core/Src/bsp_USART.c.obj
 .debug_macro   0x0001e688      0x370 CMakeFiles/STM32_Handheld.dir/Core/Src/bsp_USART.c.obj
 .debug_macro   0x0001e9f8       0x10 CMakeFiles/STM32_Handheld.dir/Core/Src/bsp_USART.c.obj
 .debug_macro   0x0001ea08       0x16 CMakeFiles/STM32_Handheld.dir/Core/Src/bsp_USART.c.obj
 .debug_macro   0x0001ea1e       0x4a CMakeFiles/STM32_Handheld.dir/Core/Src/bsp_USART.c.obj
 .debug_macro   0x0001ea68       0x34 CMakeFiles/STM32_Handheld.dir/Core/Src/bsp_USART.c.obj
 .debug_macro   0x0001ea9c       0x10 CMakeFiles/STM32_Handheld.dir/Core/Src/bsp_USART.c.obj
 .debug_macro   0x0001eaac       0x58 CMakeFiles/STM32_Handheld.dir/Core/Src/bsp_USART.c.obj
 .debug_macro   0x0001eb04      0x1de CMakeFiles/STM32_Handheld.dir/Core/Src/bsp_USART.c.obj
 .debug_macro   0x0001ece2       0x16 CMakeFiles/STM32_Handheld.dir/Core/Src/bsp_USART.c.obj
 .debug_macro   0x0001ecf8       0x16 CMakeFiles/STM32_Handheld.dir/Core/Src/bsp_USART.c.obj
 .debug_macro   0x0001ed0e      0x170 CMakeFiles/STM32_Handheld.dir/Core/Src/bsp_USART.c.obj
 .debug_macro   0x0001ee7e       0x16 CMakeFiles/STM32_Handheld.dir/Core/Src/bsp_USART.c.obj
 .debug_macro   0x0001ee94       0x76 CMakeFiles/STM32_Handheld.dir/Core/Src/bsp_USART.c.obj
 .debug_macro   0x0001ef0a       0x4c CMakeFiles/STM32_Handheld.dir/Core/Src/bsp_USART.c.obj
 .debug_macro   0x0001ef56      0x2dc CMakeFiles/STM32_Handheld.dir/Bsp/bluetooth.cpp.obj
 .debug_macro   0x0001f232      0xc16 CMakeFiles/STM32_Handheld.dir/Bsp/bluetooth.cpp.obj
 .debug_macro   0x0001fe48       0x1c CMakeFiles/STM32_Handheld.dir/Bsp/bluetooth.cpp.obj
 .debug_macro   0x0001fe64     0x1011 CMakeFiles/STM32_Handheld.dir/Bsp/bluetooth.cpp.obj
 .debug_macro   0x00020e75      0x197 CMakeFiles/STM32_Handheld.dir/Bsp/bluetooth.cpp.obj
 .debug_macro   0x0002100c       0x34 CMakeFiles/STM32_Handheld.dir/Bsp/bluetooth.cpp.obj
 .debug_macro   0x00021040       0x3c CMakeFiles/STM32_Handheld.dir/Bsp/bluetooth.cpp.obj
 .debug_macro   0x0002107c      0x38c CMakeFiles/STM32_Handheld.dir/Bsp/bluetooth.cpp.obj
 .debug_macro   0x00021408       0x4a CMakeFiles/STM32_Handheld.dir/Bsp/bluetooth.cpp.obj
 .debug_macro   0x00021452      0x138 CMakeFiles/STM32_Handheld.dir/Bsp/bluetooth.cpp.obj
 .debug_macro   0x0002158a       0x6d CMakeFiles/STM32_Handheld.dir/Bsp/fonts.c.obj
 .debug_macro   0x000215f7      0x2dc CMakeFiles/STM32_Handheld.dir/Bsp/rfid.cpp.obj
 .debug_macro   0x000218d3      0x1e8 CMakeFiles/STM32_Handheld.dir/Bsp/ssd1306.cpp.obj
 .debug_macro   0x00021abb       0x22 CMakeFiles/STM32_Handheld.dir/Bsp/ssd1306.cpp.obj
 .debug_macro   0x00021add      0x321 CMakeFiles/STM32_Handheld.dir/UserApp/main.cpp.obj
 .debug_macro   0x00021dfe      0x1f6 CMakeFiles/STM32_Handheld.dir/Core/Src/main.c.obj
 .debug_macro   0x00021ff4      0x1de CMakeFiles/STM32_Handheld.dir/Core/Src/gpio.c.obj
 .debug_macro   0x000221d2      0x1de CMakeFiles/STM32_Handheld.dir/Core/Src/i2c.c.obj
 .debug_macro   0x000223b0      0x1de CMakeFiles/STM32_Handheld.dir/Core/Src/stm32f4xx_it.c.obj
 .debug_macro   0x0002258e      0x1d4 CMakeFiles/STM32_Handheld.dir/Core/Src/stm32f4xx_hal_msp.c.obj
 .debug_macro   0x00022762      0x218 CMakeFiles/STM32_Handheld.dir/Drivers/STM32F4xx_HAL_Driver/Src/stm32f4xx_hal_i2c.c.obj
 .debug_macro   0x0002297a      0x1ee CMakeFiles/STM32_Handheld.dir/Drivers/STM32F4xx_HAL_Driver/Src/stm32f4xx_hal_rcc.c.obj
 .debug_macro   0x00022b68      0x1d0 CMakeFiles/STM32_Handheld.dir/Drivers/STM32F4xx_HAL_Driver/Src/stm32f4xx_hal_gpio.c.obj
 .debug_macro   0x00022d38      0x1ca CMakeFiles/STM32_Handheld.dir/Drivers/STM32F4xx_HAL_Driver/Src/stm32f4xx_hal_cortex.c.obj
 .debug_macro   0x00022f02      0x22a CMakeFiles/STM32_Handheld.dir/Drivers/STM32F4xx_HAL_Driver/Src/stm32f4xx_hal.c.obj
 .debug_macro   0x0002312c      0x1ca CMakeFiles/STM32_Handheld.dir/Core/Src/system_stm32f4xx.c.obj
 .debug_macro   0x000232f6       0xff CMakeFiles/STM32_Handheld.dir/Core/Src/sysmem.c.obj
 .debug_macro   0x000233f5       0x10 CMakeFiles/STM32_Handheld.dir/Core/Src/sysmem.c.obj
 .debug_macro   0x00023405       0x75 CMakeFiles/STM32_Handheld.dir/Core/Src/sysmem.c.obj
 .debug_macro   0x0002347a       0x94 CMakeFiles/STM32_Handheld.dir/Core/Src/sysmem.c.obj
 .debug_macro   0x0002350e       0x57 CMakeFiles/STM32_Handheld.dir/Core/Src/sysmem.c.obj
 .debug_macro   0x00023565      0x23c CMakeFiles/STM32_Handheld.dir/Core/Src/sysmem.c.obj
 .debug_macro   0x000237a1      0x265 CMakeFiles/STM32_Handheld.dir/Core/Src/syscalls.c.obj
 .debug_macro   0x00023a06       0x10 CMakeFiles/STM32_Handheld.dir/Core/Src/syscalls.c.obj
 .debug_macro   0x00023a16       0x10 CMakeFiles/STM32_Handheld.dir/Core/Src/syscalls.c.obj
 .debug_macro   0x00023a26       0x10 CMakeFiles/STM32_Handheld.dir/Core/Src/syscalls.c.obj
 .debug_macro   0x00023a36       0x10 CMakeFiles/STM32_Handheld.dir/Core/Src/syscalls.c.obj
 .debug_macro   0x00023a46       0x1c CMakeFiles/STM32_Handheld.dir/Core/Src/syscalls.c.obj
 .debug_macro   0x00023a62       0x52 CMakeFiles/STM32_Handheld.dir/Core/Src/syscalls.c.obj
 .debug_macro   0x00023ab4       0x22 CMakeFiles/STM32_Handheld.dir/Core/Src/syscalls.c.obj
 .debug_macro   0x00023ad6       0x10 CMakeFiles/STM32_Handheld.dir/Core/Src/syscalls.c.obj
 .debug_macro   0x00023ae6       0x52 CMakeFiles/STM32_Handheld.dir/Core/Src/syscalls.c.obj
 .debug_macro   0x00023b38       0xcf CMakeFiles/STM32_Handheld.dir/Core/Src/syscalls.c.obj
 .debug_macro   0x00023c07       0x1c CMakeFiles/STM32_Handheld.dir/Core/Src/syscalls.c.obj
 .debug_macro   0x00023c23       0x3d CMakeFiles/STM32_Handheld.dir/Core/Src/syscalls.c.obj
 .debug_macro   0x00023c60       0x35 CMakeFiles/STM32_Handheld.dir/Core/Src/syscalls.c.obj
 .debug_macro   0x00023c95      0x12c CMakeFiles/STM32_Handheld.dir/Core/Src/syscalls.c.obj
 .debug_macro   0x00023dc1       0x16 CMakeFiles/STM32_Handheld.dir/Core/Src/syscalls.c.obj
 .debug_macro   0x00023dd7       0x16 CMakeFiles/STM32_Handheld.dir/Core/Src/syscalls.c.obj
 .debug_macro   0x00023ded       0x29 CMakeFiles/STM32_Handheld.dir/Core/Src/syscalls.c.obj
 .debug_macro   0x00023e16      0x242 CMakeFiles/STM32_Handheld.dir/Core/Src/syscalls.c.obj
 .debug_macro   0x00024058       0x1c CMakeFiles/STM32_Handheld.dir/Core/Src/syscalls.c.obj
 .debug_macro   0x00024074       0x10 CMakeFiles/STM32_Handheld.dir/Core/Src/syscalls.c.obj
 .debug_macro   0x00024084      0x18a CMakeFiles/STM32_Handheld.dir/Core/Src/syscalls.c.obj
 .debug_macro   0x0002420e       0x16 CMakeFiles/STM32_Handheld.dir/Core/Src/syscalls.c.obj
 .debug_macro   0x00024224       0xce CMakeFiles/STM32_Handheld.dir/Core/Src/syscalls.c.obj

.debug_line     0x00000000     0xce5b
 .debug_line    0x00000000     0x13b2 CMakeFiles/STM32_Handheld.dir/Core/Src/bsp_USART.c.obj
 .debug_line    0x000013b2      0x702 CMakeFiles/STM32_Handheld.dir/Bsp/bluetooth.cpp.obj
 .debug_line    0x00001ab4      0x20c CMakeFiles/STM32_Handheld.dir/Bsp/fonts.c.obj
 .debug_line    0x00001cc0      0x79d CMakeFiles/STM32_Handheld.dir/Bsp/rfid.cpp.obj
 .debug_line    0x0000245d      0x988 CMakeFiles/STM32_Handheld.dir/Bsp/ssd1306.cpp.obj
 .debug_line    0x00002de5      0x880 CMakeFiles/STM32_Handheld.dir/UserApp/main.cpp.obj
 .debug_line    0x00003665      0x713 CMakeFiles/STM32_Handheld.dir/Core/Src/main.c.obj
 .debug_line    0x00003d78      0x659 CMakeFiles/STM32_Handheld.dir/Core/Src/gpio.c.obj
 .debug_line    0x000043d1      0x6a9 CMakeFiles/STM32_Handheld.dir/Core/Src/i2c.c.obj
 .debug_line    0x00004a7a      0x71a CMakeFiles/STM32_Handheld.dir/Core/Src/stm32f4xx_it.c.obj
 .debug_line    0x00005194      0x63b CMakeFiles/STM32_Handheld.dir/Core/Src/stm32f4xx_hal_msp.c.obj
 .debug_line    0x000057cf     0x39df CMakeFiles/STM32_Handheld.dir/Drivers/STM32F4xx_HAL_Driver/Src/stm32f4xx_hal_i2c.c.obj
 .debug_line    0x000091ae      0xd24 CMakeFiles/STM32_Handheld.dir/Drivers/STM32F4xx_HAL_Driver/Src/stm32f4xx_hal_rcc.c.obj
 .debug_line    0x00009ed2      0xa85 CMakeFiles/STM32_Handheld.dir/Drivers/STM32F4xx_HAL_Driver/Src/stm32f4xx_hal_gpio.c.obj
 .debug_line    0x0000a957      0xbd3 CMakeFiles/STM32_Handheld.dir/Drivers/STM32F4xx_HAL_Driver/Src/stm32f4xx_hal_cortex.c.obj
 .debug_line    0x0000b52a      0x92d CMakeFiles/STM32_Handheld.dir/Drivers/STM32F4xx_HAL_Driver/Src/stm32f4xx_hal.c.obj
 .debug_line    0x0000be57      0x6c0 CMakeFiles/STM32_Handheld.dir/Core/Src/system_stm32f4xx.c.obj
 .debug_line    0x0000c517      0x2d3 CMakeFiles/STM32_Handheld.dir/Core/Src/sysmem.c.obj
 .debug_line    0x0000c7ea      0x5f7 CMakeFiles/STM32_Handheld.dir/Core/Src/syscalls.c.obj
 .debug_line    0x0000cde1       0x7a CMakeFiles/STM32_Handheld.dir/startup_stm32f407xx.s.obj

.debug_str      0x00000000    0xc5914
 .debug_str     0x00000000    0xc5914 CMakeFiles/STM32_Handheld.dir/Core/Src/bsp_USART.c.obj
                              0xc0745 (size before relaxing)
 .debug_str     0x000c5914    0xc01b0 CMakeFiles/STM32_Handheld.dir/Bsp/bluetooth.cpp.obj
 .debug_str     0x000c5914     0x3e57 CMakeFiles/STM32_Handheld.dir/Bsp/fonts.c.obj
 .debug_str     0x000c5914    0xc02c5 CMakeFiles/STM32_Handheld.dir/Bsp/rfid.cpp.obj
 .debug_str     0x000c5914    0xbd88d CMakeFiles/STM32_Handheld.dir/Bsp/ssd1306.cpp.obj
 .debug_str     0x000c5914    0xc0c19 CMakeFiles/STM32_Handheld.dir/UserApp/main.cpp.obj
 .debug_str     0x000c5914    0xbcb0a CMakeFiles/STM32_Handheld.dir/Core/Src/main.c.obj
 .debug_str     0x000c5914    0xbcecd CMakeFiles/STM32_Handheld.dir/Core/Src/gpio.c.obj
 .debug_str     0x000c5914    0xbcedc CMakeFiles/STM32_Handheld.dir/Core/Src/i2c.c.obj
 .debug_str     0x000c5914    0xbc8b7 CMakeFiles/STM32_Handheld.dir/Core/Src/stm32f4xx_it.c.obj
 .debug_str     0x000c5914    0xbc8e2 CMakeFiles/STM32_Handheld.dir/Core/Src/stm32f4xx_hal_msp.c.obj
 .debug_str     0x000c5914    0xbd9b0 CMakeFiles/STM32_Handheld.dir/Drivers/STM32F4xx_HAL_Driver/Src/stm32f4xx_hal_i2c.c.obj
 .debug_str     0x000c5914    0xbcdc6 CMakeFiles/STM32_Handheld.dir/Drivers/STM32F4xx_HAL_Driver/Src/stm32f4xx_hal_rcc.c.obj
 .debug_str     0x000c5914    0xbcb0d CMakeFiles/STM32_Handheld.dir/Drivers/STM32F4xx_HAL_Driver/Src/stm32f4xx_hal_gpio.c.obj
 .debug_str     0x000c5914    0xbd260 CMakeFiles/STM32_Handheld.dir/Drivers/STM32F4xx_HAL_Driver/Src/stm32f4xx_hal_cortex.c.obj
 .debug_str     0x000c5914    0xbd516 CMakeFiles/STM32_Handheld.dir/Drivers/STM32F4xx_HAL_Driver/Src/stm32f4xx_hal.c.obj
 .debug_str     0x000c5914    0xbc992 CMakeFiles/STM32_Handheld.dir/Core/Src/system_stm32f4xx.c.obj
 .debug_str     0x000c5914     0x714e CMakeFiles/STM32_Handheld.dir/Core/Src/sysmem.c.obj
 .debug_str     0x000c5914     0x9455 CMakeFiles/STM32_Handheld.dir/Core/Src/syscalls.c.obj
 .debug_str     0x000c5914       0xa8 CMakeFiles/STM32_Handheld.dir/startup_stm32f407xx.s.obj

.comment        0x00000000       0x44
 .comment       0x00000000       0x44 CMakeFiles/STM32_Handheld.dir/Core/Src/bsp_USART.c.obj
                                 0x45 (size before relaxing)
 .comment       0x00000044       0x45 CMakeFiles/STM32_Handheld.dir/Bsp/bluetooth.cpp.obj
 .comment       0x00000044       0x45 CMakeFiles/STM32_Handheld.dir/Bsp/fonts.c.obj
 .comment       0x00000044       0x45 CMakeFiles/STM32_Handheld.dir/Bsp/rfid.cpp.obj
 .comment       0x00000044       0x45 CMakeFiles/STM32_Handheld.dir/Bsp/ssd1306.cpp.obj
 .comment       0x00000044       0x45 CMakeFiles/STM32_Handheld.dir/UserApp/main.cpp.obj
 .comment       0x00000044       0x45 CMakeFiles/STM32_Handheld.dir/Core/Src/main.c.obj
 .comment       0x00000044       0x45 CMakeFiles/STM32_Handheld.dir/Core/Src/gpio.c.obj
 .comment       0x00000044       0x45 CMakeFiles/STM32_Handheld.dir/Core/Src/i2c.c.obj
 .comment       0x00000044       0x45 CMakeFiles/STM32_Handheld.dir/Core/Src/stm32f4xx_it.c.obj
 .comment       0x00000044       0x45 CMakeFiles/STM32_Handheld.dir/Core/Src/stm32f4xx_hal_msp.c.obj
 .comment       0x00000044       0x45 CMakeFiles/STM32_Handheld.dir/Drivers/STM32F4xx_HAL_Driver/Src/stm32f4xx_hal_i2c.c.obj
 .comment       0x00000044       0x45 CMakeFiles/STM32_Handheld.dir/Drivers/STM32F4xx_HAL_Driver/Src/stm32f4xx_hal_rcc.c.obj
 .comment       0x00000044       0x45 CMakeFiles/STM32_Handheld.dir/Drivers/STM32F4xx_HAL_Driver/Src/stm32f4xx_hal_gpio.c.obj
 .comment       0x00000044       0x45 CMakeFiles/STM32_Handheld.dir/Drivers/STM32F4xx_HAL_Driver/Src/stm32f4xx_hal_cortex.c.obj
 .comment       0x00000044       0x45 CMakeFiles/STM32_Handheld.dir/Drivers/STM32F4xx_HAL_Driver/Src/stm32f4xx_hal.c.obj
 .comment       0x00000044       0x45 CMakeFiles/STM32_Handheld.dir/Core/Src/system_stm32f4xx.c.obj
 .comment       0x00000044       0x45 CMakeFiles/STM32_Handheld.dir/Core/Src/sysmem.c.obj
 .comment       0x00000044       0x45 CMakeFiles/STM32_Handheld.dir/Core/Src/syscalls.c.obj

.debug_frame    0x00000000     0x3144
 .debug_frame   0x00000000      0x64c CMakeFiles/STM32_Handheld.dir/Core/Src/bsp_USART.c.obj
 .debug_frame   0x0000064c       0x34 CMakeFiles/STM32_Handheld.dir/Bsp/bluetooth.cpp.obj
 .debug_frame   0x00000680       0x60 CMakeFiles/STM32_Handheld.dir/Bsp/rfid.cpp.obj
 .debug_frame   0x000006e0      0x164 CMakeFiles/STM32_Handheld.dir/Bsp/ssd1306.cpp.obj
 .debug_frame   0x00000844      0x12c CMakeFiles/STM32_Handheld.dir/UserApp/main.cpp.obj
 .debug_frame   0x00000970       0x68 CMakeFiles/STM32_Handheld.dir/Core/Src/main.c.obj
 .debug_frame   0x000009d8       0x34 CMakeFiles/STM32_Handheld.dir/Core/Src/gpio.c.obj
 .debug_frame   0x00000a0c       0x74 CMakeFiles/STM32_Handheld.dir/Core/Src/i2c.c.obj
 .debug_frame   0x00000a80      0x13c CMakeFiles/STM32_Handheld.dir/Core/Src/stm32f4xx_it.c.obj
 .debug_frame   0x00000bbc       0x38 CMakeFiles/STM32_Handheld.dir/Core/Src/stm32f4xx_hal_msp.c.obj
 .debug_frame   0x00000bf4      0xc84 CMakeFiles/STM32_Handheld.dir/Drivers/STM32F4xx_HAL_Driver/Src/stm32f4xx_hal_i2c.c.obj
 .debug_frame   0x00001878      0x1f4 CMakeFiles/STM32_Handheld.dir/Drivers/STM32F4xx_HAL_Driver/Src/stm32f4xx_hal_rcc.c.obj
 .debug_frame   0x00001a6c      0x14c CMakeFiles/STM32_Handheld.dir/Drivers/STM32F4xx_HAL_Driver/Src/stm32f4xx_hal_gpio.c.obj
 .debug_frame   0x00001bb8      0x4b8 CMakeFiles/STM32_Handheld.dir/Drivers/STM32F4xx_HAL_Driver/Src/stm32f4xx_hal_cortex.c.obj
 .debug_frame   0x00002070      0x374 CMakeFiles/STM32_Handheld.dir/Drivers/STM32F4xx_HAL_Driver/Src/stm32f4xx_hal.c.obj